cmd cv_maptype 0
cmd cv_gamemode 0
tile objects/scenery/sceneryBlock_top.png objects/scenery/sceneryBlock_bottom.png objects/wood/more_rough_wood_6.jpg -6000 -6000 1200 1200 100 150 1200 0 0 100 0 255 0
tile objects/scenery/sceneryBlock_top.png objects/scenery/sceneryBlock_bottom.png objects/wood/more_rough_wood_6.jpg -6000 -4500 1200 1200 100 150 1200 0 0 0 0 255 0
tile objects/scenery/sceneryBlock_top.png objects/scenery/sceneryBlock_bottom.png objects/wood/more_rough_wood_6.jpg -6000 -3000 1200 1200 100 150 1200 0 0 0 100 255 0
tile objects/scenery/sceneryBlock_top.png objects/scenery/sceneryBlock_bottom.png objects/wood/more_rough_wood_6.jpg -6000 -1500 1200 1200 0 0 1200 0 0 0 100 255 0
tile objects/scenery/sceneryBlock_top.png objects/scenery/sceneryBlock_bottom.png objects/wood/more_rough_wood_6.jpg -4500 -6000 1200 1200 0 0 1200 100 150 0 100 255 0
tile objects/scenery/sceneryBlock_top.png objects/scenery/sceneryBlock_bottom.png objects/wood/more_rough_wood_6.jpg -4500 -4500 1200 1200 0 0 1200 100 150 0 0 255 0
tile objects/scenery/sceneryBlock_top.png objects/scenery/sceneryBlock_bottom.png objects/wood/more_rough_wood_6.jpg -4500 -3000 1200 1200 0 0 1200 100 150 100 0 255 0
tile objects/scenery/sceneryBlock_top.png objects/scenery/sceneryBlock_bottom.png objects/wood/more_rough_wood_6.jpg -4500 -1500 1200 1200 0 0 1200 0 0 100 0 255 0
tile objects/scenery/sceneryBlock_top.png objects/scenery/sceneryBlock_bottom.png objects/wood/more_rough_wood_6.jpg -3000 -6000 1200 1200 100 150 1200 100 150 0 0 255 0
tile objects/scenery/sceneryBlock_top.png objects/scenery/sceneryBlock_bottom.png objects/wood/more_rough_wood_6.jpg -3000 -4500 1200 1200 0 0 1200 0 0 100 100 255 0
tile objects/scenery/sceneryBlock_top.png objects/scenery/sceneryBlock_bottom.png objects/wood/more_rough_wood_6.jpg -3000 -3000 1200 1200 100 150 1200 0 0 100 100 255 0
tile objects/scenery/sceneryBlock_top.png objects/scenery/sceneryBlock_bottom.png objects/wood/more_rough_wood_6.jpg -3000 -1500 1200 1200 100 150 1200 100 150 0 100 255 0
tile objects/scenery/sceneryBlock_top.png objects/scenery/sceneryBlock_bottom.png objects/wood/more_rough_wood_6.jpg -1500 -6000 1200 1200 0 0 1200 100 150 100 100 255 0
tile objects/scenery/sceneryBlock_top.png objects/scenery/sceneryBlock_bottom.png objects/wood/more_rough_wood_6.jpg -1500 -4500 1200 1200 100 150 1200 100 150 100 0 255 0
tile objects/scenery/sceneryBlock_top.png objects/scenery/sceneryBlock_bottom.png objects/wood/more_rough_wood_6.jpg -1500 -3000 1200 1200 100 150 1200 100 150 100 100 255 0
tile objects/scenery/sceneryBlock_top.png objects/scenery/sceneryBlock_bottom.png objects/wood/more_rough_wood_6.jpg -1500 -1500 1200 1200 1050 150 0 0 0 0 0 255 0
tile objects/scenery/sceneryBlock_top.png objects/scenery/sceneryBlock_bottom.png objects/wood/more_rough_wood_6.jpg 0 -6000 1200 1200 1200 0 0 0 0 0 0 255 0
tile objects/scenery/sceneryBlock_top.png objects/scenery/sceneryBlock_bottom.png objects/wood/more_rough_wood_6.jpg 0 -4500 1200 1200 0 0 1200 0 0 0 1200 255 0
tile objects/scenery/sceneryBlock_top.png objects/scenery/sceneryBlock_bottom.png objects/wood/more_rough_wood_6.jpg 0 -3000 1200 1200 0 0 1200 0 0 0 0 255 0
