cmd cv_maptype 1
cmd cv_gamemode 2
tile objects/scenery/sceneryBlock_top.png objects/scenery/sceneryBlock_bottom.png objects/wood/more_rough_wood_6.jpg -3300 0 1200 600 0 0 0 0 0 1200 0 255 0
tile objects/scenery/sceneryBlock_top.png objects/scenery/sceneryBlock_bottom.png objects/wood/more_rough_wood_6.jpg -300 0 1200 600 0 0 0 0 0 1200 0 255 0
tile objects/scenery/sceneryBlock_top.png objects/scenery/sceneryBlock_bottom.png objects/wood/more_rough_wood_6.jpg -4500 0 1200 600 0 0 0 0 0 1200 0 255 0
tile objects/scenery/sceneryBlock_top.png objects/scenery/sceneryBlock_bottom.png objects/wood/more_rough_wood_6.jpg 900 0 1200 600 0 0 0 0 0 1200 0 255 0
tile objects/scenery/sceneryBlock_top.png objects/scenery/sceneryBlock_bottom.png objects/wood/more_rough_wood_6.jpg -2400 -1800 1200 600 0 0 0 0 0 1200 0 255 0
tile objects/scenery/sceneryBlock_top.png objects/scenery/sceneryBlock_bottom.png objects/wood/more_rough_wood_6.jpg -1200 -1800 1200 600 0 0 0 0 0 1200 0 255 0
tile objects/scenery/sceneryBlock_top.png objects/scenery/sceneryBlock_bottom.png objects/wood/more_rough_wood_6.jpg 2100 0 1200 600 0 0 0 0 0 1200 0 255 0
tile objects/scenery/sceneryBlock_top.png objects/scenery/sceneryBlock_bottom.png objects/wood/more_rough_wood_6.jpg 2100 -600 1200 600 0 0 0 0 0 1200 0 255 0
tile objects/scenery/sceneryBlock_top.png objects/scenery/sceneryBlock_bottom.png objects/wood/more_rough_wood_6.jpg 2100 -1200 1200 600 0 0 0 0 0 1200 0 255 0
tile objects/scenery/sceneryBlock_top.png objects/scenery/sceneryBlock_bottom.png objects/wood/more_rough_wood_6.jpg 2100 -1800 1200 600 0 0 0 0 0 1200 0 255 0
tile objects/scenery/sceneryBlock_top.png objects/scenery/sceneryBlock_bottom.png objects/wood/more_rough_wood_6.jpg 2100 -2400 1200 600 0 0 0 0 0 1200 0 255 0
tile objects/scenery/sceneryBlock_top.png objects/scenery/sceneryBlock_bottom.png objects/wood/more_rough_wood_6.jpg -5700 0 1200 600 0 0 0 0 0 1200 0 255 0
tile objects/scenery/sceneryBlock_top.png objects/scenery/sceneryBlock_bottom.png objects/wood/more_rough_wood_6.jpg -5700 -600 1200 600 0 0 0 0 0 1200 0 255 0
tile objects/scenery/sceneryBlock_top.png objects/scenery/sceneryBlock_bottom.png objects/wood/more_rough_wood_6.jpg -5700 -1200 1200 600 0 0 0 0 0 1200 0 255 0
tile objects/scenery/sceneryBlock_top.png objects/scenery/sceneryBlock_bottom.png objects/wood/more_rough_wood_6.jpg -5700 -1800 1200 600 0 0 0 0 0 1200 0 255 0
tile objects/scenery/sceneryBlock_top.png objects/scenery/sceneryBlock_bottom.png objects/wood/more_rough_wood_6.jpg -5700 -2400 1200 600 0 0 0 0 0 1200 0 255 0
tile objects/scenery/sceneryBlock_top.png objects/scenery/sceneryBlock_bottom.png objects/wood/more_rough_wood_6.jpg -5700 -3000 1200 600 0 0 0 0 0 1200 0 255 0
tile objects/scenery/sceneryBlock_top.png objects/scenery/sceneryBlock_bottom.png objects/wood/more_rough_wood_6.jpg 2100 -3000 1200 600 0 0 0 0 0 1200 0 255 0
tile objects/scenery/sceneryBlock_top.png objects/scenery/sceneryBlock_bottom.png objects/wood/more_rough_wood_6.jpg 2700 -3600 1200 600 0 0 0 0 0 1200 0 255 0
tile objects/scenery/sceneryBlock_top.png objects/scenery/sceneryBlock_bottom.png objects/wood/more_rough_wood_6.jpg -3600 -1650 1200 600 0 0 0 0 0 1200 0 255 0
tile objects/scenery/sceneryBlock_top.png objects/scenery/sceneryBlock_bottom.png objects/wood/more_rough_wood_6.jpg 0 -1650 1200 600 0 0 0 0 0 1200 0 255 0
tile objects/scenery/sceneryBlock_top.png objects/scenery/sceneryBlock_bottom.png objects/wood/more_rough_wood_6.jpg -6000 -6000 3600 3600 0 0 3600 0 0 0 0 255 0
tile objects/scenery/sceneryBlock_top.png objects/scenery/sceneryBlock_bottom.png objects/wood/more_rough_wood_6.jpg -2400 -6000 3600 3600 0 0 3600 0 0 0 0 255 0
tile objects/scenery/sceneryBlock_top.png objects/scenery/sceneryBlock_bottom.png objects/wood/more_rough_wood_6.jpg 1200 -6000 3600 3600 0 0 3600 0 0 0 0 255 0
tile objects/scenery/sceneryBlock_top.png objects/scenery/sceneryBlock_bottom.png objects/wood/more_rough_wood_6.jpg -6000 -2400 3600 3600 0 0 3600 0 0 0 0 255 0
tile objects/scenery/sceneryBlock_top.png objects/scenery/sceneryBlock_bottom.png objects/wood/more_rough_wood_6.jpg -2400 -2400 3600 3600 0 0 3600 0 0 0 0 255 0
tile objects/scenery/sceneryBlock_top.png objects/scenery/sceneryBlock_bottom.png objects/wood/more_rough_wood_6.jpg 1200 -2400 3600 3600 0 0 3600 0 0 0 0 255 0
tile objects/scenery/sceneryBlock_top.png objects/scenery/sceneryBlock_bottom.png objects/wood/more_rough_wood_6.jpg -9600 1200 3600 3600 0 0 3600 0 0 0 0 50 0
tile objects/scenery/sceneryBlock_top.png objects/scenery/sceneryBlock_bottom.png objects/wood/more_rough_wood_6.jpg -4200 -4800 300 300 0 0 0 0 0 0 0 255 1
tile objects/scenery/sceneryBlock_top.png objects/scenery/sceneryBlock_bottom.png objects/wood/more_rough_wood_6.jpg -3900 -4800 300 300 0 0 0 0 0 0 0 255 1
tile objects/scenery/sceneryBlock_top.png objects/scenery/sceneryBlock_bottom.png objects/wood/more_rough_wood_6.jpg -3600 -4800 300 300 0 0 0 0 0 0 0 255 1
tile objects/scenery/sceneryBlock_top.png objects/scenery/sceneryBlock_bottom.png objects/wood/more_rough_wood_6.jpg -3300 -4800 300 300 0 0 0 0 0 0 0 255 1
tile objects/scenery/sceneryBlock_top.png objects/scenery/sceneryBlock_bottom.png objects/wood/more_rough_wood_6.jpg -3000 -4800 300 300 0 0 0 0 0 0 0 255 1
tile objects/scenery/sceneryBlock_top.png objects/scenery/sceneryBlock_bottom.png objects/wood/more_rough_wood_6.jpg -2700 -4800 300 300 0 0 0 0 0 0 0 255 1
tile objects/scenery/sceneryBlock_top.png objects/scenery/sceneryBlock_bottom.png objects/wood/more_rough_wood_6.jpg -2400 -4800 300 300 0 0 0 0 0 0 0 255 1
tile objects/scenery/sceneryBlock_top.png objects/scenery/sceneryBlock_bottom.png objects/wood/more_rough_wood_6.jpg -2100 -4800 300 300 0 0 0 0 0 0 0 255 1
tile objects/scenery/sceneryBlock_top.png objects/scenery/sceneryBlock_bottom.png objects/wood/more_rough_wood_6.jpg -1800 -4800 300 300 0 0 0 0 0 0 0 255 1
tile objects/scenery/sceneryBlock_top.png objects/scenery/sceneryBlock_bottom.png objects/wood/more_rough_wood_6.jpg -1500 -4800 300 300 0 0 0 0 0 0 0 255 1
tile objects/scenery/sceneryBlock_top.png objects/scenery/sceneryBlock_bottom.png objects/wood/more_rough_wood_6.jpg -1200 -4800 300 300 0 0 0 0 0 0 0 255 1
tile objects/scenery/sceneryBlock_top.png objects/scenery/sceneryBlock_bottom.png objects/wood/more_rough_wood_6.jpg -900 -4800 300 300 0 0 0 0 0 0 0 255 1
tile objects/scenery/sceneryBlock_top.png objects/scenery/sceneryBlock_bottom.png objects/wood/more_rough_wood_6.jpg -600 -4800 300 300 0 0 0 0 0 0 0 255 1
tile objects/scenery/sceneryBlock_top.png objects/scenery/sceneryBlock_bottom.png objects/wood/more_rough_wood_6.jpg -300 -4800 300 300 0 0 0 0 0 0 0 255 1
tile objects/scenery/sceneryBlock_top.png objects/scenery/sceneryBlock_bottom.png objects/wood/more_rough_wood_6.jpg 0 -4800 300 300 0 0 0 0 0 0 0 255 1
tile objects/scenery/sceneryBlock_top.png objects/scenery/sceneryBlock_bottom.png objects/wood/more_rough_wood_6.jpg 300 -4800 300 300 0 0 0 0 0 0 0 255 1
tile objects/scenery/sceneryBlock_top.png objects/scenery/sceneryBlock_bottom.png objects/wood/more_rough_wood_6.jpg 600 -4800 300 300 0 0 0 0 0 0 0 255 1
tile objects/scenery/sceneryBlock_top.png objects/scenery/sceneryBlock_bottom.png objects/wood/more_rough_wood_6.jpg 900 -4800 300 300 0 0 0 0 0 0 0 255 1
tile objects/scenery/sceneryBlock_top.png objects/scenery/sceneryBlock_bottom.png objects/wood/more_rough_wood_6.jpg 1200 -4800 300 300 0 0 0 0 0 0 0 255 1
tile objects/scenery/sceneryBlock_top.png objects/scenery/sceneryBlock_bottom.png objects/wood/more_rough_wood_6.jpg 1500 -4800 300 300 0 0 0 0 0 0 0 255 1
tile objects/scenery/sceneryBlock_top.png objects/scenery/sceneryBlock_bottom.png objects/wood/more_rough_wood_6.jpg -6300 -3600 1200 600 0 0 0 0 0 1200 0 255 0
tile objects/scenery/sceneryBlock_top.png objects/scenery/sceneryBlock_bottom.png objects/wood/more_rough_wood_6.jpg -6000 1200 3600 3600 0 0 3600 0 0 0 0 50 0
tile objects/scenery/sceneryBlock_top.png objects/scenery/sceneryBlock_bottom.png objects/wood/more_rough_wood_6.jpg -2400 1200 3600 3600 0 0 3600 0 0 0 0 50 0
tile objects/scenery/sceneryBlock_top.png objects/scenery/sceneryBlock_bottom.png objects/wood/more_rough_wood_6.jpg 1200 1200 3600 3600 0 0 3600 0 0 0 0 50 0
tile objects/scenery/sceneryBlock_top.png objects/scenery/sceneryBlock_bottom.png objects/wood/more_rough_wood_6.jpg 4800 1200 3600 3600 0 0 3600 0 0 0 0 50 0
tile objects/scenery/sceneryBlock_top.png objects/scenery/sceneryBlock_bottom.png objects/wood/more_rough_wood_6.jpg -9600 -6000 3600 3600 0 0 3600 0 0 0 0 50 0
tile objects/scenery/sceneryBlock_top.png objects/scenery/sceneryBlock_bottom.png objects/wood/more_rough_wood_6.jpg -9600 -9600 3600 3600 0 0 3600 0 0 0 0 50 0
tile objects/scenery/sceneryBlock_top.png objects/scenery/sceneryBlock_bottom.png objects/wood/more_rough_wood_6.jpg -6000 -9600 3600 3600 0 0 3600 0 0 0 0 50 0
tile objects/scenery/sceneryBlock_top.png objects/scenery/sceneryBlock_bottom.png objects/wood/more_rough_wood_6.jpg -2400 -9600 3600 3600 0 0 3600 0 0 0 0 50 0
tile objects/scenery/sceneryBlock_top.png objects/scenery/sceneryBlock_bottom.png objects/wood/more_rough_wood_6.jpg 1200 -9600 3600 3600 0 0 3600 0 0 0 0 50 0
tile objects/scenery/sceneryBlock_top.png objects/scenery/sceneryBlock_bottom.png objects/wood/more_rough_wood_6.jpg 4800 -9600 3600 3600 0 0 3600 0 0 0 0 50 0
tile objects/scenery/sceneryBlock_top.png objects/scenery/sceneryBlock_bottom.png objects/wood/more_rough_wood_6.jpg 4800 -6000 3600 3600 0 0 3600 0 0 0 0 50 0
tile objects/scenery/sceneryBlock_top.png objects/scenery/sceneryBlock_bottom.png objects/wood/more_rough_wood_6.jpg 4800 -2400 3600 3600 0 0 3600 0 0 0 0 50 0
tile objects/scenery/sceneryBlock_top.png objects/scenery/sceneryBlock_bottom.png objects/wood/more_rough_wood_6.jpg -9600 -2400 3600 3600 0 0 3600 0 0 0 0 50 0
prop 7 0 0 -1350 -750 300 300
prop 4 0 0 1800 -300 300 300
prop 4 0 0 -4500 -300 300 300
prop 4 0 0 -2400 -2100 300 300
prop 4 0 0 -300 -2100 300 300
prop 8 0 0 -4500 -600 300 300
prop 8 0 0 -4500 -900 300 300
prop 8 0 0 -4500 -1200 300 300
prop 8 0 0 -4500 -1500 300 300
prop 8 0 0 -4500 -1800 300 300
prop 8 0 0 1800 -1800 300 300
prop 8 0 0 1800 -1500 300 300
prop 8 0 0 1800 -1200 300 300
prop 8 0 0 1800 -900 300 300
prop 8 0 0 1800 -600 300 300
prop 0 750 -5000 -2700 900 300 300
prop 0 350 -5000 -2400 1200 300 300
prop 0 100 -5000 -2100 900 300 300
prop 0 -650 -5000 -1800 1200 300 300
prop 0 -1300 -5000 -1500 900 300 300
prop 0 -2050 -5000 -1200 1200 300 300
prop 0 -2800 -5000 -900 900 300 300
prop 0 -3550 -5000 -600 1200 300 300
prop 0 -4350 -5000 -300 900 300 300
prop 7 0 0 -4500 -2400 300 300
prop 7 0 0 1800 -2400 300 300
prop 1 0 0 -2400 -3300 300 300
prop 1 0 0 -1350 -3300 300 300
prop 1 0 0 -300 -3300 300 300
prop 1 0 0 -3600 -870 300 300
prop 1 0 0 900 -870 300 300
flare -6000 -6000 10800 7200 0 0 0 0 0 0 0 205 0
flare -3120 -720 3600 3600 255 0 255 255 0 0 0 0 0
flare -3900 -1170 900 900 255 255 255 100 0 0 0 0 0
flare 600 -1170 900 900 255 255 255 100 0 0 0 0 0
flare -600 -3570 900 900 255 255 255 100 0 0 0 0 0
flare -1620 -3570 900 900 255 255 255 100 0 0 0 0 0
flare -2700 -3570 900 900 255 255 255 100 0 0 0 0 0
flare -2400 -1200 1200 600 0 0 0 150 0 0 0 0 0
flare -1200 -1200 1200 600 0 0 0 150 0 0 0 0 0
flare -1770 -1200 1200 600 0 0 0 150 0 0 0 0 0
flare -3000 -1050 1200 600 0 0 0 150 0 0 0 0 0
flare -630 -1050 1200 600 0 0 0 150 0 0 0 0 0
flare -660 -600 1200 600 0 0 0 150 0 0 0 0 0
flare -390 -600 1200 600 0 0 0 150 0 0 0 0 0
flare -3000 -600 1200 600 0 0 0 150 0 0 0 0 0
flare -3300 -600 1200 600 0 0 0 150 0 0 0 0 0
flare -3360 -1170 1200 600 0 0 0 150 0 0 0 0 0
flare -270 -1140 1200 600 0 0 0 150 0 0 0 0 0
flare -5250 -3570 1200 600 0 0 0 150 0 0 0 0 0
flare -4650 -4170 1200 600 0 0 0 150 0 0 0 0 0
flare 1500 -3600 1200 600 0 0 0 150 0 0 0 0 0
flare 840 -4230 1200 600 0 0 0 150 0 0 0 0 0
flare 1680 -4140 1200 600 0 0 0 150 0 0 0 0 0
flare -5400 -4170 1200 600 0 0 0 150 0 0 0 0 0
