cmd cv_maptype 0
cmd cv_gamemode 0
cmd cv_botbehavior goto_player
tile objects/scenery/sceneryBlock5_top.png objects/scenery/sceneryBlock2_bottom.png objects/floor/dungeons_and_flagons3.jpg 300 -2700 1200 1200 0 0 1200 0 0 0 0 255 0
tile objects/scenery/sceneryBlock5_top.png objects/scenery/sceneryBlock2_bottom.png objects/floor/dungeons_and_flagons3.jpg 1500 -1500 1200 1200 0 0 1200 0 0 0 0 255 0
tile objects/scenery/sceneryBlock5_top.png objects/scenery/sceneryBlock2_bottom.png objects/floor/dungeons_and_flagons3.jpg 1500 -300 1200 1200 0 0 1200 0 0 0 0 255 0
tile objects/scenery/sceneryBlock5_top.png objects/scenery/sceneryBlock2_bottom.png objects/floor/dungeons_and_flagons3.jpg 300 -300 1200 1200 0 0 1200 0 0 0 0 255 0
tile objects/scenery/sceneryBlock5_top.png objects/scenery/sceneryBlock2_bottom.png objects/floor/dungeons_and_flagons3.jpg 300 -1500 1200 1200 0 0 1200 0 0 0 0 255 0
tile objects/scenery/sceneryBlock5_top.png objects/scenery/sceneryBlock2_bottom.png objects/floor/dungeons_and_flagons3.jpg -900 -1500 1200 1200 0 0 1200 0 0 0 0 255 0
tile objects/scenery/sceneryBlock5_top.png objects/scenery/sceneryBlock2_bottom.png objects/floor/dungeons_and_flagons3.jpg -900 -300 1200 1200 0 0 1200 0 0 0 0 255 0
tile objects/scenery/sceneryBlock5_top.png objects/scenery/sceneryBlock2_bottom.png objects/floor/dungeons_and_flagons3.jpg -900 900 1200 1200 0 0 1200 0 0 0 0 255 0
tile objects/scenery/sceneryBlock5_top.png objects/scenery/sceneryBlock2_bottom.png objects/floor/dungeons_and_flagons3.jpg 300 900 1200 1200 0 0 1200 0 0 0 0 255 0
tile objects/scenery/sceneryBlock5_top.png objects/scenery/sceneryBlock2_bottom.png objects/floor/dungeons_and_flagons3.jpg 1500 900 1200 1200 0 0 1200 0 0 0 0 255 0
tile objects/scenery/sceneryBlock5_top.png objects/scenery/sceneryBlock2_bottom.png objects/floor/dungeons_and_flagons3.jpg 300 2100 1200 1200 0 0 1200 0 0 0 0 255 0
tile objects/scenery/sceneryBlock5_top.png objects/scenery/sceneryBlock2_bottom.png objects/floor/dungeons_and_flagons3.jpg 3900 2100 1200 1200 0 0 1200 0 0 0 0 255 0
tile objects/scenery/sceneryBlock5_top.png objects/scenery/sceneryBlock2_bottom.png objects/floor/dungeons_and_flagons3.jpg 3900 900 1200 1200 0 0 1200 0 0 0 0 255 0
tile objects/scenery/sceneryBlock5_top.png objects/scenery/sceneryBlock2_bottom.png objects/floor/dungeons_and_flagons3.jpg 3900 -300 1200 1200 0 0 1200 0 0 0 0 255 0
tile objects/scenery/sceneryBlock5_top.png objects/scenery/sceneryBlock2_bottom.png objects/floor/dungeons_and_flagons3.jpg 3900 -1500 1200 1200 0 0 1200 0 0 0 0 255 0
tile objects/scenery/sceneryBlock5_top.png objects/scenery/sceneryBlock2_bottom.png objects/floor/dungeons_and_flagons3.jpg 3900 -2700 1200 1200 0 0 1200 0 0 0 0 255 0
tile objects/scenery/sceneryBlock5_top.png objects/scenery/sceneryBlock2_bottom.png objects/floor/dungeons_and_flagons3.jpg 3900 -3900 1200 1200 0 0 1200 0 0 0 0 255 0
tile objects/scenery/sceneryBlock5_top.png objects/scenery/sceneryBlock2_bottom.png objects/floor/dungeons_and_flagons3.jpg 300 -3900 1200 1200 0 0 1200 0 0 0 0 255 0
tile objects/scenery/sceneryBlock5_top.png objects/scenery/sceneryBlock2_bottom.png objects/floor/dungeons_and_flagons3.jpg -3300 -3900 1200 1200 0 0 1200 0 0 0 0 255 0
tile objects/scenery/sceneryBlock5_top.png objects/scenery/sceneryBlock2_bottom.png objects/floor/dungeons_and_flagons3.jpg -3300 -2700 1200 1200 0 0 1200 0 0 0 0 255 0
tile objects/scenery/sceneryBlock5_top.png objects/scenery/sceneryBlock2_bottom.png objects/floor/dungeons_and_flagons3.jpg -3300 900 1200 1200 0 0 1200 0 0 0 0 255 0
tile objects/scenery/sceneryBlock5_top.png objects/scenery/sceneryBlock2_bottom.png objects/floor/dungeons_and_flagons3.jpg -3300 2100 1200 1200 0 0 1200 0 0 0 0 255 0
tile objects/scenery/sceneryBlock5_top.png objects/scenery/sceneryBlock2_bottom.png objects/floor/dungeons_and_flagons3.jpg -2100 -300 1200 1200 0 0 1200 0 0 0 0 255 0
tile objects/scenery/sceneryBlock5_top.png objects/scenery/sceneryBlock2_bottom.png objects/floor/dungeons_and_flagons3.jpg 2700 -300 1200 1200 0 0 1200 0 0 0 0 255 0
tile objects/scenery/sceneryBlock5_top.png objects/scenery/sceneryBlock3_bottom.png objects/floor/dungeons_and_flagons3.jpg -900 -5100 1200 1200 100 150 1200 100 150 0 0 255 0
tile objects/scenery/sceneryBlock5_top.png objects/scenery/sceneryBlock3_bottom.png objects/floor/dungeons_and_flagons3.jpg -2100 -5100 1200 1200 100 150 1200 100 150 0 0 255 0
tile objects/scenery/sceneryBlock5_top.png objects/scenery/sceneryBlock3_bottom.png objects/floor/dungeons_and_flagons3.jpg 1500 -5100 1200 1200 100 150 1200 100 150 0 0 255 0
tile objects/scenery/sceneryBlock5_top.png objects/scenery/sceneryBlock3_bottom.png objects/floor/dungeons_and_flagons3.jpg 2700 -5100 1200 1200 100 150 1200 100 150 0 0 255 0
tile objects/scenery/sceneryBlock5_top.png objects/scenery/sceneryBlock3_bottom.png objects/floor/dungeons_and_flagons3.jpg 2700 3300 1200 1200 100 150 1200 100 150 0 0 255 0
tile objects/scenery/sceneryBlock5_top.png objects/scenery/sceneryBlock3_bottom.png objects/floor/dungeons_and_flagons3.jpg 1500 3300 1200 1200 100 150 1200 100 150 0 0 255 0
tile objects/scenery/sceneryBlock5_top.png objects/scenery/sceneryBlock3_bottom.png objects/floor/dungeons_and_flagons3.jpg -900 3300 1200 1200 100 150 1200 100 150 0 0 255 0
tile objects/scenery/sceneryBlock5_top.png objects/scenery/sceneryBlock3_bottom.png objects/floor/dungeons_and_flagons3.jpg -2100 3300 1200 1200 100 150 1200 100 150 0 0 255 0
tile objects/scenery/sceneryBlock5_top.png objects/scenery/sceneryBlock3_bottom.png objects/floor/dungeons_and_flagons3.jpg -4500 -3900 1200 1200 100 150 1200 0 0 100 0 255 0
tile objects/scenery/sceneryBlock5_top.png objects/scenery/sceneryBlock3_bottom.png objects/floor/dungeons_and_flagons3.jpg -4500 900 1200 1200 100 150 1200 0 0 100 0 255 0
tile objects/scenery/sceneryBlock5_top.png objects/scenery/sceneryBlock3_bottom.png objects/floor/dungeons_and_flagons3.jpg -900 -2700 1200 1200 100 150 1200 0 0 100 0 255 0
tile objects/scenery/sceneryBlock5_top.png objects/scenery/sceneryBlock3_bottom.png objects/floor/dungeons_and_flagons3.jpg 3900 -5100 1200 1200 100 150 1200 0 0 0 100 255 0
tile objects/scenery/sceneryBlock5_top.png objects/scenery/sceneryBlock3_bottom.png objects/floor/dungeons_and_flagons3.jpg 5100 -3900 1200 1200 100 150 1200 0 0 0 100 255 0
tile objects/scenery/sceneryBlock5_top.png objects/scenery/sceneryBlock3_bottom.png objects/floor/dungeons_and_flagons3.jpg 5100 900 1200 1200 100 150 1200 0 0 0 100 255 0
tile objects/scenery/sceneryBlock5_top.png objects/scenery/sceneryBlock3_bottom.png objects/floor/dungeons_and_flagons3.jpg 1500 -2700 1200 1200 100 150 1200 0 0 0 100 255 0
tile objects/scenery/sceneryBlock5_top.png objects/scenery/sceneryBlock3_bottom.png objects/floor/dungeons_and_flagons3.jpg -3300 -5100 1200 1200 100 150 1200 0 0 100 0 255 0
tile objects/scenery/sceneryBlock5_top.png objects/scenery/sceneryBlock3_bottom.png objects/floor/dungeons_and_flagons3.jpg 300 -5100 1200 1200 100 150 1200 0 0 0 0 255 0
tile objects/scenery/sceneryBlock5_top.png objects/scenery/sceneryBlock3_bottom.png objects/floor/dungeons_and_flagons3.jpg -2100 -1500 1200 1200 100 150 1200 0 0 0 0 255 0
tile objects/scenery/sceneryBlock5_top.png objects/scenery/sceneryBlock3_bottom.png objects/floor/dungeons_and_flagons3.jpg -900 2100 1200 1200 100 150 1200 0 0 0 0 255 0
tile objects/scenery/sceneryBlock5_top.png objects/scenery/sceneryBlock3_bottom.png objects/floor/dungeons_and_flagons3.jpg 2700 -1500 1200 1200 100 150 1200 0 0 0 0 255 0
tile objects/scenery/sceneryBlock5_top.png objects/scenery/sceneryBlock3_bottom.png objects/floor/dungeons_and_flagons3.jpg 3900 -1500 1200 1200 0 0 1200 0 0 0 100 255 0
tile objects/scenery/sceneryBlock5_top.png objects/scenery/sceneryBlock3_bottom.png objects/floor/dungeons_and_flagons3.jpg 3900 -300 1200 1200 0 0 1200 0 0 0 100 255 0
tile objects/scenery/sceneryBlock5_top.png objects/scenery/sceneryBlock3_bottom.png objects/floor/dungeons_and_flagons3.jpg 5100 2100 1200 1200 0 0 1200 100 150 0 100 255 0
tile objects/scenery/sceneryBlock5_top.png objects/scenery/sceneryBlock3_bottom.png objects/floor/dungeons_and_flagons3.jpg 3900 3300 1200 1200 0 0 1200 100 150 0 100 255 0
tile objects/scenery/sceneryBlock5_top.png objects/scenery/sceneryBlock3_bottom.png objects/floor/dungeons_and_flagons3.jpg 5100 -2700 1200 1200 0 0 1200 100 150 0 100 255 0
tile objects/scenery/sceneryBlock5_top.png objects/scenery/sceneryBlock3_bottom.png objects/floor/dungeons_and_flagons3.jpg -4500 -2700 1200 1200 0 0 1200 100 150 100 0 255 0
tile objects/scenery/sceneryBlock5_top.png objects/scenery/sceneryBlock3_bottom.png objects/floor/dungeons_and_flagons3.jpg -4500 2100 1200 1200 0 0 1200 100 150 100 0 255 0
tile objects/scenery/sceneryBlock5_top.png objects/scenery/sceneryBlock3_bottom.png objects/floor/dungeons_and_flagons3.jpg -3300 3300 1200 1200 0 0 1200 100 150 100 0 255 0
tile objects/scenery/sceneryBlock5_top.png objects/scenery/sceneryBlock3_bottom.png objects/floor/dungeons_and_flagons3.jpg -3300 -300 1200 1200 0 0 1200 0 0 100 0 255 0
tile objects/scenery/sceneryBlock5_top.png objects/scenery/sceneryBlock3_bottom.png objects/floor/dungeons_and_flagons3.jpg -3300 -1500 1200 1200 0 0 1200 0 0 100 0 255 0
tile objects/scenery/sceneryBlock5_top.png objects/scenery/sceneryBlock3_bottom.png objects/floor/dungeons_and_flagons3.jpg -2100 -2700 1200 1200 0 0 1200 0 0 0 0 255 0
tile objects/scenery/sceneryBlock5_top.png objects/scenery/sceneryBlock3_bottom.png objects/floor/dungeons_and_flagons3.jpg -2100 -3900 1200 1200 0 0 1200 0 0 0 0 255 0
tile objects/scenery/sceneryBlock5_top.png objects/scenery/sceneryBlock3_bottom.png objects/floor/dungeons_and_flagons3.jpg -900 -3900 1200 1200 0 0 1200 0 0 0 0 255 0
tile objects/scenery/sceneryBlock5_top.png objects/scenery/sceneryBlock3_bottom.png objects/floor/dungeons_and_flagons3.jpg 1500 -3900 1200 1200 0 0 1200 0 0 0 0 255 0
tile objects/scenery/sceneryBlock5_top.png objects/scenery/sceneryBlock3_bottom.png objects/floor/dungeons_and_flagons3.jpg 2700 -3900 1200 1200 0 0 1200 0 0 0 0 255 0
tile objects/scenery/sceneryBlock5_top.png objects/scenery/sceneryBlock3_bottom.png objects/floor/dungeons_and_flagons3.jpg 2700 -2700 1200 1200 0 0 1200 0 0 0 0 255 0
tile objects/scenery/sceneryBlock5_top.png objects/scenery/sceneryBlock3_bottom.png objects/floor/dungeons_and_flagons3.jpg 2700 2100 1200 1200 0 0 1200 0 0 0 0 255 0
tile objects/scenery/sceneryBlock5_top.png objects/scenery/sceneryBlock3_bottom.png objects/floor/dungeons_and_flagons3.jpg -2100 2100 1200 1200 0 0 1200 0 0 0 0 255 0
tile objects/scenery/sceneryBlock5_top.png objects/scenery/sceneryBlock3_bottom.png objects/floor/dungeons_and_flagons3.jpg -2100 900 1200 1200 100 150 1200 0 0 100 0 255 0
tile objects/scenery/sceneryBlock5_top.png objects/scenery/sceneryBlock3_bottom.png objects/floor/dungeons_and_flagons3.jpg 2700 900 1200 1200 100 150 1200 0 0 0 100 255 0
tile objects/scenery/sceneryBlock5_top.png objects/scenery/sceneryBlock3_bottom.png objects/floor/dungeons_and_flagons3.jpg 1500 2100 1200 1200 100 150 1200 0 0 100 0 255 0
tile objects/scenery/sceneryBlock5_top.png objects/scenery/sceneryBlock3_bottom.png objects/floor/dungeons_and_flagons3.jpg -450 -1050 300 300 0 0 0 0 0 0 0 255 1
tile objects/scenery/sceneryBlock5_top.png objects/scenery/sceneryBlock3_bottom.png objects/floor/dungeons_and_flagons3.jpg -900 -1710 600 450 300 150 0 0 0 0 0 255 0
tile objects/scenery/sceneryBlock5_top.png objects/scenery/sceneryBlock3_bottom.png objects/floor/dungeons_and_flagons3.jpg 2100 -1710 600 450 300 150 0 0 0 0 0 255 0
tile objects/scenery/sceneryBlock5_top.png objects/scenery/sceneryBlock3_bottom.png objects/floor/dungeons_and_flagons3.jpg 3300 2100 600 450 300 150 0 0 0 0 0 255 0
tile objects/scenery/sceneryBlock5_top.png objects/scenery/sceneryBlock3_bottom.png objects/floor/dungeons_and_flagons3.jpg -2100 2100 600 450 300 150 0 0 0 0 0 255 0
tile objects/scenery/sceneryBlock5_top.png objects/scenery/sceneryBlock3_bottom.png objects/floor/dungeons_and_flagons3.jpg -3300 -3900 600 450 300 150 0 0 0 0 0 255 0
tile objects/scenery/sceneryBlock5_top.png objects/scenery/sceneryBlock3_bottom.png objects/floor/dungeons_and_flagons3.jpg 5010 3060 600 450 300 150 0 0 0 0 0 255 0
tile objects/scenery/sceneryBlock5_top.png objects/scenery/sceneryBlock3_bottom.png objects/floor/dungeons_and_flagons3.jpg 4500 900 600 450 300 150 0 0 0 0 0 255 0
tile objects/scenery/sceneryBlock5_top.png objects/scenery/sceneryBlock3_bottom.png objects/floor/dungeons_and_flagons3.jpg -3810 900 600 450 300 150 0 0 0 0 0 255 0
tile objects/scenery/sceneryBlock5_top.png objects/scenery/sceneryBlock3_bottom.png objects/floor/dungeons_and_flagons3.jpg -3810 -1740 600 450 300 150 0 0 0 0 0 255 0
tile objects/scenery/sceneryBlock5_top.png objects/scenery/sceneryBlock3_bottom.png objects/floor/dungeons_and_flagons3.jpg 4500 -1740 600 450 300 150 0 0 0 0 0 255 0
tile objects/scenery/sceneryBlock5_top.png objects/scenery/sceneryBlock3_bottom.png objects/floor/dungeons_and_flagons3.jpg 5010 -3900 600 450 300 150 0 0 0 0 0 255 0
tile objects/scenery/sceneryBlock5_top.png objects/scenery/sceneryBlock3_bottom.png objects/floor/dungeons_and_flagons3.jpg 900 -2880 600 450 300 150 0 0 0 0 0 255 0
tile objects/scenery/sceneryBlock5_top.png objects/scenery/sceneryBlock3_bottom.png objects/floor/dungeons_and_flagons3.jpg 900 -4140 600 450 300 150 0 0 0 0 0 255 0
tile objects/scenery/sceneryBlock5_top.png objects/scenery/sceneryBlock3_bottom.png objects/floor/dungeons_and_flagons3.jpg 2100 2580 600 450 300 150 0 0 0 0 0 255 0
tile objects/scenery/sceneryBlock5_top.png objects/scenery/sceneryBlock3_bottom.png objects/floor/dungeons_and_flagons3.jpg 1500 -750 600 450 300 150 0 0 0 0 0 255 0
tile objects/scenery/sceneryBlock5_top.png objects/scenery/sceneryBlock3_bottom.png objects/floor/dungeons_and_flagons3.jpg -300 -750 600 450 300 150 0 0 0 0 0 255 0
tile objects/scenery/sceneryBlock5_top.png objects/scenery/sceneryBlock3_bottom.png objects/floor/dungeons_and_flagons3.jpg 300 450 600 450 300 150 0 0 0 0 0 255 0
tile objects/scenery/sceneryBlock5_top.png objects/scenery/sceneryBlock3_bottom.png objects/floor/dungeons_and_flagons3.jpg 900 450 600 450 300 150 0 0 0 0 0 255 0
tile objects/scenery/sceneryBlock5_top.png objects/scenery/sceneryBlock3_bottom.png objects/floor/dungeons_and_flagons3.jpg -2340 -600 900 600 450 150 0 0 0 0 0 255 0
tile objects/scenery/sceneryBlock5_top.png objects/scenery/sceneryBlock3_bottom.png objects/floor/dungeons_and_flagons3.jpg 3000 -600 900 600 450 150 0 0 0 0 0 255 0
tile objects/scenery/sceneryBlock5_top.png objects/scenery/sceneryBlock3_bottom.png objects/floor/dungeons_and_flagons3.jpg -2100 -3120 300 900 750 150 0 0 0 0 0 255 0
tile objects/scenery/sceneryBlock5_top.png objects/scenery/sceneryBlock3_bottom.png objects/floor/dungeons_and_flagons3.jpg 3750 -3180 300 900 750 150 0 0 0 0 0 255 0
tile objects/scenery/sceneryBlock5_top.png objects/scenery/sceneryBlock3_bottom.png objects/wood/more_rough_wood_6.jpg 2070 -3450 900 250 100 150 0 0 0 0 0 255 0
tile objects/scenery/sceneryBlock5_top.png objects/scenery/sceneryBlock3_bottom.png objects/wood/more_rough_wood_6.jpg -750 -3450 900 250 100 150 0 0 0 0 0 255 0
tile objects/scenery/sceneryBlock5_top.png objects/scenery/sceneryBlock3_bottom.png objects/wood/more_rough_wood_6.jpg 930 1350 900 250 100 150 0 0 0 0 0 255 0
tile objects/scenery/sceneryBlock5_top.png objects/scenery/sceneryBlock3_bottom.png objects/wood/more_rough_wood_6.jpg -1290 3750 900 250 100 150 0 0 0 0 0 255 0
tile objects/scenery/sceneryBlock5_top.png objects/scenery/sceneryBlock3_bottom.png objects/wood/more_rough_wood_6.jpg 2880 3750 900 250 100 150 0 0 0 0 0 255 0
tile objects/scenery/sceneryBlock5_top.png objects/scenery/sceneryBlock3_bottom.png objects/wood/more_rough_wood_6.jpg -1710 -4620 900 250 100 150 0 0 0 0 0 255 0
tile objects/scenery/sceneryBlock5_top.png objects/scenery/sceneryBlock3_bottom.png objects/wood/more_rough_wood_6.jpg 2370 -4620 900 250 100 150 0 0 0 0 0 255 0
tile objects/scenery/sceneryBlock5_top.png objects/scenery/sceneryBlock3_bottom.png objects/wood/more_rough_wood_6.jpg -3300 -3120 300 900 750 150 0 0 0 0 0 255 0
tile objects/scenery/sceneryBlock5_top.png objects/scenery/sceneryBlock3_bottom.png objects/wood/more_rough_wood_6.jpg 4500 1200 300 900 750 150 0 0 0 0 0 255 0
tile objects/scenery/sceneryBlock5_top.png objects/scenery/sceneryBlock3_bottom.png objects/wood/more_rough_wood_6.jpg -3300 2550 300 900 750 150 0 0 0 0 0 255 0
tile objects/scenery/sceneryBlock5_top.png objects/scenery/sceneryBlock3_bottom.png objects/wood/more_rough_wood_6.jpg 750 -1860 300 900 750 150 0 0 0 0 0 255 0
tile objects/scenery/sceneryBlock5_top.png objects/scenery/sceneryBlock3_bottom.png objects/wood/more_rough_wood_6.jpg -4200 -3570 300 300 0 0 0 0 0 0 0 255 1
tile objects/scenery/sceneryBlock5_top.png objects/scenery/sceneryBlock3_bottom.png objects/wood/more_rough_wood_6.jpg -2970 -4650 300 300 0 0 0 0 0 0 0 255 1
tile objects/scenery/sceneryBlock5_top.png objects/scenery/sceneryBlock3_bottom.png objects/wood/more_rough_wood_6.jpg 4230 -4650 300 300 0 0 0 0 0 0 0 255 1
tile objects/scenery/sceneryBlock5_top.png objects/scenery/sceneryBlock3_bottom.png objects/wood/more_rough_wood_6.jpg 5730 -2250 300 300 0 0 0 0 0 0 0 255 1
tile objects/scenery/sceneryBlock5_top.png objects/scenery/sceneryBlock3_bottom.png objects/wood/more_rough_wood_6.jpg 3360 -2910 300 300 0 0 0 0 0 0 0 255 1
tile objects/scenery/sceneryBlock5_top.png objects/scenery/sceneryBlock3_bottom.png objects/wood/more_rough_wood_6.jpg 1650 -1110 300 300 0 0 0 0 0 0 0 255 1
tile objects/scenery/sceneryBlock5_top.png objects/scenery/sceneryBlock3_bottom.png objects/wood/more_rough_wood_6.jpg 1140 990 300 300 0 0 0 0 0 0 0 255 1
tile objects/scenery/sceneryBlock5_top.png objects/scenery/sceneryBlock3_bottom.png objects/wood/more_rough_wood_6.jpg -450 1650 300 300 0 0 0 0 0 0 0 255 1
tile objects/scenery/sceneryBlock5_top.png objects/scenery/sceneryBlock3_bottom.png objects/wood/more_rough_wood_6.jpg 4590 3840 300 300 0 0 0 0 0 0 0 255 1
tile objects/scenery/sceneryBlock5_top.png objects/scenery/sceneryBlock3_bottom.png objects/wood/more_rough_wood_6.jpg -3060 3840 300 300 0 0 0 0 0 0 0 255 1
tile objects/scenery/sceneryBlock5_top.png objects/scenery/sceneryBlock3_bottom.png objects/wood/more_rough_wood_6.jpg -4260 2610 300 300 0 0 0 0 0 0 0 255 1
tile objects/scenery/sceneryBlock5_top.png objects/scenery/sceneryBlock3_bottom.png objects/wood/more_rough_wood_6.jpg -2040 -1050 300 300 0 0 0 0 0 0 0 255 1
tile objects/scenery/sceneryBlock5_top.png objects/scenery/sceneryBlock3_bottom.png objects/wood/more_rough_wood_6.jpg -300 -2370 300 300 0 0 0 0 0 0 0 255 1
tile objects/scenery/sceneryBlock5_top.png objects/scenery/sceneryBlock3_bottom.png objects/wood/more_rough_wood_6.jpg 750 960 300 300 0 0 0 0 0 0 0 255 1
tile objects/scenery/sceneryBlock5_top.png objects/scenery/sceneryBlock3_bottom.png objects/wood/more_rough_wood_6.jpg 3450 2880 300 300 0 0 0 0 0 0 0 255 1
tile objects/scenery/sceneryBlock5_top.png objects/scenery/sceneryBlock3_bottom.png objects/wood/more_rough_wood_6.jpg 1560 -3870 300 300 0 0 0 0 0 0 0 255 1
tile objects/scenery/sceneryBlock5_top.png objects/scenery/sceneryBlock3_bottom.png objects/floor/dungeons_and_flagons3.jpg 300 3300 1200 1200 0 0 1200 100 150 0 0 255 0
tile objects/scenery/sceneryBlock5_top.png objects/scenery/sceneryBlock3_bottom.png misc/sand.png -4500 -5100 1200 1200 0 0 1200 0 0 0 0 255 0
tile objects/scenery/sceneryBlock5_top.png objects/scenery/sceneryBlock3_bottom.png misc/sand.png -4500 -6300 1200 1200 0 0 1200 0 0 0 0 255 0
tile objects/scenery/sceneryBlock5_top.png objects/scenery/sceneryBlock3_bottom.png misc/sand.png -3300 -6300 1200 1200 0 0 1200 0 0 0 0 255 0
tile objects/scenery/sceneryBlock5_top.png objects/scenery/sceneryBlock3_bottom.png misc/sand.png -2100 -6300 1200 1200 0 0 1200 0 0 0 0 255 0
tile objects/scenery/sceneryBlock5_top.png objects/scenery/sceneryBlock3_bottom.png misc/sand.png -900 -6300 1200 1200 0 0 1200 0 0 0 0 255 0
tile objects/scenery/sceneryBlock5_top.png objects/scenery/sceneryBlock3_bottom.png misc/sand.png 300 -6300 1200 1200 0 0 1200 0 0 0 0 255 0
tile objects/scenery/sceneryBlock5_top.png objects/scenery/sceneryBlock3_bottom.png misc/sand.png 1500 -6300 1200 1200 0 0 1200 0 0 0 0 255 0
tile objects/scenery/sceneryBlock5_top.png objects/scenery/sceneryBlock3_bottom.png misc/sand.png 2700 -6300 1200 1200 0 0 1200 0 0 0 0 255 0
tile objects/scenery/sceneryBlock5_top.png objects/scenery/sceneryBlock3_bottom.png misc/sand.png 3900 -6300 1200 1200 0 0 1200 0 0 0 0 255 0
tile objects/scenery/sceneryBlock5_top.png objects/scenery/sceneryBlock3_bottom.png misc/sand.png 5100 -6300 1200 1200 0 0 1200 0 0 0 0 255 0
tile objects/scenery/sceneryBlock5_top.png objects/scenery/sceneryBlock3_bottom.png misc/sand.png 5100 -5100 1200 1200 0 0 1200 0 0 0 0 255 0
tile objects/scenery/sceneryBlock5_top.png objects/scenery/sceneryBlock3_bottom.png misc/sand.png 6300 -5100 1200 1200 0 0 1200 0 0 0 0 255 0
tile objects/scenery/sceneryBlock5_top.png objects/scenery/sceneryBlock3_bottom.png misc/sand.png 6300 -3900 1200 1200 0 0 1200 0 0 0 0 255 0
tile objects/scenery/sceneryBlock5_top.png objects/scenery/sceneryBlock3_bottom.png misc/sand.png 6300 -2700 1200 1200 0 0 1200 0 0 0 0 255 0
tile objects/scenery/sceneryBlock5_top.png objects/scenery/sceneryBlock3_bottom.png misc/sand.png 6300 -1500 1200 1200 0 0 1200 0 0 0 0 255 0
tile objects/scenery/sceneryBlock5_top.png objects/scenery/sceneryBlock3_bottom.png misc/sand.png 5100 -1500 1200 1200 0 0 1200 0 0 0 0 255 0
tile objects/scenery/sceneryBlock5_top.png objects/scenery/sceneryBlock3_bottom.png misc/sand.png 5100 -300 1200 1200 0 0 1200 0 0 0 0 255 0
tile objects/scenery/sceneryBlock5_top.png objects/scenery/sceneryBlock3_bottom.png misc/sand.png 6300 -300 1200 1200 0 0 1200 0 0 0 0 255 0
tile objects/scenery/sceneryBlock5_top.png objects/scenery/sceneryBlock3_bottom.png misc/sand.png 6300 900 1200 1200 0 0 1200 0 0 0 0 255 0
tile objects/scenery/sceneryBlock5_top.png objects/scenery/sceneryBlock3_bottom.png misc/sand.png 6300 2100 1200 1200 0 0 1200 0 0 0 0 255 0
tile objects/scenery/sceneryBlock5_top.png objects/scenery/sceneryBlock3_bottom.png misc/sand.png 6300 3300 1200 1200 0 0 1200 0 0 0 0 255 0
tile objects/scenery/sceneryBlock5_top.png objects/scenery/sceneryBlock3_bottom.png misc/sand.png 5100 3300 1200 1200 0 0 1200 0 0 0 0 255 0
tile objects/scenery/sceneryBlock5_top.png objects/scenery/sceneryBlock3_bottom.png misc/sand.png 5100 4500 1200 1200 0 0 1200 0 0 0 0 255 0
tile objects/scenery/sceneryBlock5_top.png objects/scenery/sceneryBlock3_bottom.png misc/sand.png 3900 4500 1200 1200 0 0 1200 0 0 0 0 255 0
tile objects/scenery/sceneryBlock5_top.png objects/scenery/sceneryBlock3_bottom.png misc/sand.png 2700 4500 1200 1200 0 0 1200 0 0 0 0 255 0
tile objects/scenery/sceneryBlock5_top.png objects/scenery/sceneryBlock3_bottom.png misc/sand.png 1500 4500 1200 1200 0 0 1200 0 0 0 0 255 0
tile objects/scenery/sceneryBlock5_top.png objects/scenery/sceneryBlock3_bottom.png misc/sand.png 300 4500 1200 1200 0 0 1200 0 0 0 0 255 0
tile objects/scenery/sceneryBlock5_top.png objects/scenery/sceneryBlock3_bottom.png misc/sand.png -900 4500 1200 1200 0 0 1200 0 0 0 0 255 0
tile objects/scenery/sceneryBlock5_top.png objects/scenery/sceneryBlock3_bottom.png misc/sand.png -2100 4500 1200 1200 0 0 1200 0 0 0 0 255 0
tile objects/scenery/sceneryBlock5_top.png objects/scenery/sceneryBlock3_bottom.png misc/sand.png -3300 4500 1200 1200 0 0 1200 0 0 0 0 255 0
tile objects/scenery/sceneryBlock5_top.png objects/scenery/sceneryBlock3_bottom.png misc/sand.png -4500 4500 1200 1200 0 0 1200 0 0 0 0 255 0
tile objects/scenery/sceneryBlock5_top.png objects/scenery/sceneryBlock3_bottom.png misc/sand.png -4500 3300 1200 1200 0 0 1200 0 0 0 0 255 0
tile objects/scenery/sceneryBlock5_top.png objects/scenery/sceneryBlock3_bottom.png misc/sand.png -5700 3300 1200 1200 0 0 1200 0 0 0 0 255 0
tile objects/scenery/sceneryBlock5_top.png objects/scenery/sceneryBlock3_bottom.png misc/sand.png -5700 2100 1200 1200 0 0 1200 0 0 0 0 255 0
tile objects/scenery/sceneryBlock5_top.png objects/scenery/sceneryBlock3_bottom.png misc/sand.png -5700 900 1200 1200 0 0 1200 0 0 0 0 255 0
tile objects/scenery/sceneryBlock5_top.png objects/scenery/sceneryBlock3_bottom.png misc/sand.png -5700 -300 1200 1200 0 0 1200 0 0 0 0 255 0
tile objects/scenery/sceneryBlock5_top.png objects/scenery/sceneryBlock3_bottom.png misc/sand.png -4500 -300 1200 1200 0 0 1200 0 0 0 0 255 0
tile objects/scenery/sceneryBlock5_top.png objects/scenery/sceneryBlock3_bottom.png misc/sand.png -4500 -1500 1200 1200 0 0 1200 0 0 0 0 255 0
tile objects/scenery/sceneryBlock5_top.png objects/scenery/sceneryBlock3_bottom.png misc/sand.png -5700 -1500 1200 1200 0 0 1200 0 0 0 0 255 0
tile objects/scenery/sceneryBlock5_top.png objects/scenery/sceneryBlock3_bottom.png misc/sand.png -5700 -2700 1200 1200 0 0 1200 0 0 0 0 255 0
tile objects/scenery/sceneryBlock5_top.png objects/scenery/sceneryBlock3_bottom.png misc/sand.png -5700 -3900 1200 1200 0 0 1200 0 0 0 0 255 0
tile objects/scenery/sceneryBlock5_top.png objects/scenery/sceneryBlock3_bottom.png misc/sand.png -5700 -5100 1200 1200 0 0 1200 0 0 0 0 255 0
tile objects/scenery/sceneryBlock5_top.png objects/scenery/sceneryBlock3_bottom.png misc/sand.png -5700 -6300 1200 1200 0 0 1200 0 0 0 0 255 0
tile objects/scenery/sceneryBlock5_top.png objects/scenery/sceneryBlock3_bottom.png misc/sand.png 6300 -6300 1200 1200 0 0 1200 0 0 0 0 255 0
tile objects/scenery/sceneryBlock5_top.png objects/scenery/sceneryBlock3_bottom.png misc/sand.png 1500 5700 1200 1200 0 0 1200 0 0 0 0 255 0
tile objects/scenery/sceneryBlock5_top.png objects/scenery/sceneryBlock3_bottom.png misc/sand.png 300 5700 1200 1200 0 0 1200 0 0 0 0 255 0
tile objects/scenery/sceneryBlock5_top.png objects/scenery/sceneryBlock3_bottom.png misc/sand.png -900 5700 1200 1200 0 0 1200 0 0 0 0 255 0
tile objects/scenery/sceneryBlock5_top.png objects/scenery/sceneryBlock3_bottom.png misc/sand.png -2100 5700 1200 1200 0 0 1200 0 0 0 0 255 0
tile objects/scenery/sceneryBlock5_top.png objects/scenery/sceneryBlock3_bottom.png misc/sand.png -3300 5700 1200 1200 0 0 1200 0 0 0 0 255 0
tile objects/scenery/sceneryBlock5_top.png objects/scenery/sceneryBlock3_bottom.png misc/sand.png -4500 5700 1200 1200 0 0 1200 0 0 0 0 255 0
tile objects/scenery/sceneryBlock5_top.png objects/scenery/sceneryBlock3_bottom.png misc/sand.png -5700 5700 1200 1200 0 0 1200 0 0 0 0 255 0
tile objects/scenery/sceneryBlock5_top.png objects/scenery/sceneryBlock3_bottom.png misc/sand.png -5700 4500 1200 1200 0 0 1200 0 0 0 0 255 0
tile objects/scenery/sceneryBlock5_top.png objects/scenery/sceneryBlock3_bottom.png misc/sand.png -6900 4500 1200 1200 0 0 1200 0 0 0 0 255 0
tile objects/scenery/sceneryBlock5_top.png objects/scenery/sceneryBlock3_bottom.png misc/sand.png -6900 5700 1200 1200 0 0 1200 0 0 0 0 255 0
tile objects/scenery/sceneryBlock5_top.png objects/scenery/sceneryBlock3_bottom.png misc/sand.png -6900 3300 1200 1200 0 0 1200 0 0 0 0 255 0
tile objects/scenery/sceneryBlock5_top.png objects/scenery/sceneryBlock3_bottom.png misc/sand.png -6900 2100 1200 1200 0 0 1200 0 0 0 0 255 0
tile objects/scenery/sceneryBlock5_top.png objects/scenery/sceneryBlock3_bottom.png misc/sand.png -6900 900 1200 1200 0 0 1200 0 0 0 0 255 0
tile objects/scenery/sceneryBlock5_top.png objects/scenery/sceneryBlock3_bottom.png misc/sand.png -6900 -300 1200 1200 0 0 1200 0 0 0 0 255 0
tile objects/scenery/sceneryBlock5_top.png objects/scenery/sceneryBlock3_bottom.png misc/sand.png -6900 -1500 1200 1200 0 0 1200 0 0 0 0 255 0
tile objects/scenery/sceneryBlock5_top.png objects/scenery/sceneryBlock3_bottom.png misc/sand.png -6900 -2700 1200 1200 0 0 1200 0 0 0 0 255 0
tile objects/scenery/sceneryBlock5_top.png objects/scenery/sceneryBlock3_bottom.png misc/sand.png -6900 -3900 1200 1200 0 0 1200 0 0 0 0 255 0
tile objects/scenery/sceneryBlock5_top.png objects/scenery/sceneryBlock3_bottom.png misc/sand.png -6900 -5100 1200 1200 0 0 1200 0 0 0 0 255 0
tile objects/scenery/sceneryBlock5_top.png objects/scenery/sceneryBlock3_bottom.png misc/sand.png -6900 -6300 1200 1200 0 0 1200 0 0 0 0 255 0
tile objects/scenery/sceneryBlock5_top.png objects/scenery/sceneryBlock3_bottom.png misc/sand.png -5700 -7500 1200 1200 0 0 1200 0 0 0 0 255 0
tile objects/scenery/sceneryBlock5_top.png objects/scenery/sceneryBlock3_bottom.png misc/sand.png -4500 -7500 1200 1200 0 0 1200 0 0 0 0 255 0
tile objects/scenery/sceneryBlock5_top.png objects/scenery/sceneryBlock3_bottom.png misc/sand.png -3300 -7500 1200 1200 0 0 1200 0 0 0 0 255 0
tile objects/scenery/sceneryBlock5_top.png objects/scenery/sceneryBlock3_bottom.png misc/sand.png -2100 -7500 1200 1200 0 0 1200 0 0 0 0 255 0
tile objects/scenery/sceneryBlock5_top.png objects/scenery/sceneryBlock3_bottom.png misc/sand.png -900 -7500 1200 1200 0 0 1200 0 0 0 0 255 0
tile objects/scenery/sceneryBlock5_top.png objects/scenery/sceneryBlock3_bottom.png misc/sand.png 300 -7500 1200 1200 0 0 1200 0 0 0 0 255 0
tile objects/scenery/sceneryBlock5_top.png objects/scenery/sceneryBlock3_bottom.png misc/sand.png 1500 -7500 1200 1200 0 0 1200 0 0 0 0 255 0
tile objects/scenery/sceneryBlock5_top.png objects/scenery/sceneryBlock3_bottom.png misc/sand.png 2700 -7500 1200 1200 0 0 1200 0 0 0 0 255 0
tile objects/scenery/sceneryBlock5_top.png objects/scenery/sceneryBlock3_bottom.png misc/sand.png 3900 -7500 1200 1200 0 0 1200 0 0 0 0 255 0
tile objects/scenery/sceneryBlock5_top.png objects/scenery/sceneryBlock3_bottom.png misc/sand.png 5100 -7500 1200 1200 0 0 1200 0 0 0 0 255 0
tile objects/scenery/sceneryBlock5_top.png objects/scenery/sceneryBlock3_bottom.png misc/sand.png 6300 -7500 1200 1200 0 0 1200 0 0 0 0 255 0
tile objects/scenery/sceneryBlock5_top.png objects/scenery/sceneryBlock3_bottom.png misc/sand.png 7500 -6300 1200 1200 0 0 1200 0 0 0 0 255 0
tile objects/scenery/sceneryBlock5_top.png objects/scenery/sceneryBlock3_bottom.png misc/sand.png 7500 -5100 1200 1200 0 0 1200 0 0 0 0 255 0
tile objects/scenery/sceneryBlock5_top.png objects/scenery/sceneryBlock3_bottom.png misc/sand.png 7500 -3900 1200 1200 0 0 1200 0 0 0 0 255 0
tile objects/scenery/sceneryBlock5_top.png objects/scenery/sceneryBlock3_bottom.png misc/sand.png 7500 -2700 1200 1200 0 0 1200 0 0 0 0 255 0
tile objects/scenery/sceneryBlock5_top.png objects/scenery/sceneryBlock3_bottom.png misc/sand.png 7500 -1500 1200 1200 0 0 1200 0 0 0 0 255 0
tile objects/scenery/sceneryBlock5_top.png objects/scenery/sceneryBlock3_bottom.png misc/sand.png 7500 -300 1200 1200 0 0 1200 0 0 0 0 255 0
tile objects/scenery/sceneryBlock5_top.png objects/scenery/sceneryBlock3_bottom.png misc/sand.png 7500 900 1200 1200 0 0 1200 0 0 0 0 255 0
tile objects/scenery/sceneryBlock5_top.png objects/scenery/sceneryBlock3_bottom.png misc/sand.png 7500 2100 1200 1200 0 0 1200 0 0 0 0 255 0
tile objects/scenery/sceneryBlock5_top.png objects/scenery/sceneryBlock3_bottom.png misc/sand.png 7500 3300 1200 1200 0 0 1200 0 0 0 0 255 0
tile objects/scenery/sceneryBlock5_top.png objects/scenery/sceneryBlock3_bottom.png misc/sand.png 6300 4500 1200 1200 0 0 1200 0 0 0 0 255 0
tile objects/scenery/sceneryBlock5_top.png objects/scenery/sceneryBlock3_bottom.png misc/sand.png 5100 5700 1200 1200 0 0 1200 0 0 0 0 255 0
tile objects/scenery/sceneryBlock5_top.png objects/scenery/sceneryBlock3_bottom.png misc/sand.png 3900 5700 1200 1200 0 0 1200 0 0 0 0 255 0
tile objects/scenery/sceneryBlock5_top.png objects/scenery/sceneryBlock3_bottom.png misc/sand.png 2700 5700 1200 1200 0 0 1200 0 0 0 0 255 0
tile objects/scenery/sceneryBlock5_top.png objects/scenery/sceneryBlock3_bottom.png misc/sand.png 6300 5700 1200 1200 0 0 1200 0 0 0 0 255 0
tile objects/scenery/sceneryBlock5_top.png objects/scenery/sceneryBlock3_bottom.png misc/sand.png 7500 5700 1200 1200 0 0 1200 0 0 0 0 255 0
tile objects/scenery/sceneryBlock5_top.png objects/scenery/sceneryBlock3_bottom.png misc/sand.png 7500 4500 1200 1200 0 0 1200 0 0 0 0 255 0
tile objects/scenery/sceneryBlock5_top.png objects/scenery/sceneryBlock3_bottom.png misc/sand.png -10860 -12570 24000 24000 0 0 0 0 0 0 0 230 0
tile objects/scenery/sceneryBlock5_top.png objects/scenery/sceneryBlock3_bottom.png objects/wood/more_rough_wood_6.jpg 600 -4980 600 250 100 150 0 0 0 0 0 255 0
tile objects/scenery/sceneryBlock5_top.png objects/scenery/sceneryBlock3_bottom.png objects/wood/more_rough_wood_6.jpg 630 4150 600 100 100 0 0 0 0 0 0 255 0
teleporter 1 0 750 3950 300 300
teleporter 1 0 750 -4800 300 300
powerup 0 0 -1530 -3480 300 300
powerup 0 0 1710 2640 300 300
powerup 0 0 -1920 1710 300 300
powerup 0 0 -4260 1200 300 300
powerup 0 0 -4020 -2820 300 300
powerup 0 0 3030 -2010 300 300
powerup 0 0 5760 -3630 300 300
powerup 0 0 5730 2580 300 300
powerup 0 0 -2010 3750 300 300
powerup 0 0 2370 3750 300 300
powerup 0 0 750 -450 300 300
powerup 0 0 -750 -2100 300 300
powerup 0 0 2100 -2310 300 300
powerup 0 0 -1080 -450 300 300
powerup 0 0 1980 690 300 300
powerup 0 0 4530 -420 300 300
powerup 0 0 -2220 -4620 300 300
powerup 0 0 1920 -4620 300 300
powerup 0 0 -2820 -1170 300 300
powerup 0 0 -3660 2490 300 300
powerup 0 0 120 1170 300 300
powerup 0 0 150 2640 300 300
powerup 0 0 4950 1500 300 300
powerup 0 0 4950 1500 300 300
powerup 0 0 5490 -2160 300 300
powerup 0 0 5490 -2160 300 300
powerup 0 0 450 -3420 300 300
powerup 0 0 4590 -4710 300 300
