cmd cv_mapview 1
cmd cv_gamemode 0
cmd cv_botbehavior 
cmd puttile objects/scenery/sceneryBlock_top.png objects/scenery/sceneryBlock_bottom.png objects/wood/more_rough_wood_6.jpg 900 -600 600 600 0 0 0 0 0 0 600 150
cmd puttile objects/scenery/sceneryBlock_top.png objects/scenery/sceneryBlock_bottom.png objects/floor/dungeons_and_flagons3.jpg -300 -1200 600 600 0 0 600 0 0 0 0 255
cmd puttile objects/scenery/sceneryBlock_top.png objects/scenery/sceneryBlock_bottom.png objects/floor/dungeons_and_flagons3.jpg 300 -1200 600 600 0 0 600 0 0 0 0 255
cmd puttile objects/scenery/sceneryBlock_top.png objects/scenery/sceneryBlock_bottom.png objects/floor/dungeons_and_flagons3.jpg 2100 -600 600 600 0 0 0 0 0 0 600 150
cmd puttile objects/scenery/sceneryBlock_top.png objects/scenery/sceneryBlock_bottom.png objects/floor/dungeons_and_flagons3.jpg -2100 -1200 600 600 0 0 0 0 0 0 600 150
cmd puttile objects/scenery/sceneryBlock_top.png objects/scenery/sceneryBlock_bottom.png objects/floor/dungeons_and_flagons3.jpg 2100 -1200 600 600 0 0 0 0 0 0 600 150
cmd puttile objects/scenery/sceneryBlock_top.png objects/scenery/sceneryBlock_bottom.png objects/floor/dungeons_and_flagons3.jpg -2100 -1800 600 600 0 0 0 0 0 0 600 150
cmd puttile objects/scenery/sceneryBlock_top.png objects/scenery/sceneryBlock_bottom.png objects/floor/dungeons_and_flagons3.jpg -1500 -1800 600 600 0 0 0 0 0 0 600 150
cmd puttile objects/scenery/sceneryBlock_top.png objects/scenery/sceneryBlock_bottom.png objects/floor/dungeons_and_flagons3.jpg -900 -1800 600 600 0 0 0 0 0 0 600 150
cmd puttile objects/scenery/sceneryBlock_top.png objects/scenery/sceneryBlock_bottom.png objects/floor/dungeons_and_flagons3.jpg 300 -1800 600 600 0 0 0 0 0 0 600 150
cmd puttile objects/scenery/sceneryBlock_top.png objects/scenery/sceneryBlock_bottom.png objects/floor/dungeons_and_flagons3.jpg 900 -1800 600 600 0 0 0 0 0 0 600 150
cmd puttile objects/scenery/sceneryBlock_top.png objects/scenery/sceneryBlock_bottom.png objects/floor/dungeons_and_flagons3.jpg 1500 -1800 600 600 0 0 0 0 0 0 600 150
cmd puttile objects/scenery/sceneryBlock_top.png objects/scenery/sceneryBlock_bottom.png objects/floor/dungeons_and_flagons3.jpg 2100 -1800 600 600 0 0 0 0 0 0 600 150
cmd puttile objects/scenery/sceneryBlock_top.png objects/scenery/sceneryBlock_bottom.png objects/floor/dungeons_and_flagons3.jpg 900 -1200 600 600 0 0 600 0 0 0 0 100
cmd puttile objects/scenery/sceneryBlock_top.png objects/scenery/sceneryBlock_bottom.png objects/floor/dungeons_and_flagons3.jpg 1500 -1200 600 600 0 0 600 0 0 0 0 100
cmd puttile objects/scenery/sceneryBlock_top.png objects/scenery/sceneryBlock_bottom.png objects/floor/dungeons_and_flagons3.jpg -1500 -1200 600 600 0 0 600 0 0 0 0 100
cmd puttile objects/scenery/sceneryBlock_top.png objects/scenery/sceneryBlock_bottom.png objects/floor/dungeons_and_flagons3.jpg -900 -1200 600 600 0 0 600 0 0 0 0 100
cmd puttile objects/scenery/sceneryBlock_top.png objects/scenery/sceneryBlock_bottom.png objects/floor/dungeons_and_flagons3.jpg 1500 -600 600 600 0 0 600 0 0 0 0 75
cmd puttile objects/scenery/sceneryBlock_top.png objects/scenery/sceneryBlock_bottom.png objects/floor/dungeons_and_flagons3.jpg 900 0 600 600 0 0 600 0 0 0 0 255
cmd puttile objects/scenery/sceneryBlock_top.png objects/scenery/sceneryBlock_bottom.png objects/floor/dungeons_and_flagons3.jpg 1500 0 600 600 0 0 600 0 0 0 0 255
cmd puttile objects/scenery/sceneryBlock_top.png objects/scenery/sceneryBlock_bottom.png objects/floor/dungeons_and_flagons3.jpg 2100 0 600 600 0 0 600 0 0 0 0 100
cmd puttile objects/scenery/sceneryBlock_top.png objects/scenery/sceneryBlock_bottom.png objects/floor/dungeons_and_flagons3.jpg 300 600 600 600 0 0 0 0 0 0 600 100
cmd puttile objects/scenery/sceneryBlock_top.png objects/scenery/sceneryBlock_bottom.png objects/floor/dungeons_and_flagons3.jpg 900 600 600 600 0 0 0 0 0 0 600 100
cmd puttile objects/scenery/sceneryBlock_top.png objects/scenery/sceneryBlock_bottom.png objects/floor/dungeons_and_flagons3.jpg 1500 600 600 600 0 0 0 0 0 0 600 100
cmd puttile objects/scenery/sceneryBlock_top.png objects/scenery/sceneryBlock_bottom.png objects/floor/dungeons_and_flagons3.jpg 2700 600 600 600 0 0 0 0 0 0 600 100
cmd puttile objects/scenery/sceneryBlock_top.png objects/scenery/sceneryBlock_bottom.png objects/floor/dungeons_and_flagons3.jpg -2700 -1200 600 600 0 0 0 0 0 0 600 150
cmd puttile objects/scenery/sceneryBlock_top.png objects/scenery/sceneryBlock_bottom.png objects/floor/dungeons_and_flagons3.jpg -2700 -1800 600 600 0 0 0 0 0 0 600 150
cmd puttile objects/scenery/sceneryBlock_top.png objects/scenery/sceneryBlock_bottom.png objects/floor/dungeons_and_flagons3.jpg -2700 -600 600 600 0 0 0 0 0 0 600 150
cmd puttile objects/scenery/sceneryBlock_top.png objects/scenery/sceneryBlock_bottom.png objects/floor/dungeons_and_flagons3.jpg 2700 -1200 600 600 0 0 0 0 0 0 600 150
cmd puttile objects/scenery/sceneryBlock_top.png objects/scenery/sceneryBlock_bottom.png objects/floor/dungeons_and_flagons3.jpg 2700 -1800 600 600 0 0 0 0 0 0 600 150
cmd puttile objects/scenery/sceneryBlock_top.png objects/scenery/sceneryBlock_bottom.png objects/floor/dungeons_and_flagons3.jpg 2700 -600 600 600 0 0 0 0 0 0 600 150
cmd puttile objects/scenery/sceneryBlock_top.png objects/scenery/sceneryBlock_bottom.png objects/floor/dungeons_and_flagons3.jpg -300 600 600 600 0 0 0 0 0 0 600 100
cmd puttile objects/scenery/sceneryBlock_top.png objects/scenery/sceneryBlock_bottom.png objects/floor/dungeons_and_flagons3.jpg -900 0 300 600 0 0 0 0 0 0 300 100
cmd puttile objects/scenery/sceneryBlock_top.png objects/scenery/sceneryBlock_bottom.png objects/floor/dungeons_and_flagons3.jpg -1500 0 600 600 0 0 0 0 0 0 600 100
cmd puttile objects/scenery/sceneryBlock_top.png objects/scenery/sceneryBlock_bottom.png objects/floor/dungeons_and_flagons3.jpg -2700 0 600 600 0 0 0 0 0 0 600 100
cmd puttile objects/scenery/sceneryBlock_top.png objects/scenery/sceneryBlock_bottom.png objects/floor/dungeons_and_flagons3.jpg 3300 600 600 600 0 0 0 0 0 0 600 100
cmd puttile objects/scenery/sceneryBlock_top.png objects/scenery/sceneryBlock_bottom.png objects/floor/dungeons_and_flagons3.jpg 3900 -1800 600 600 0 0 0 0 0 0 600 150
cmd puttile objects/scenery/sceneryBlock_top.png objects/scenery/sceneryBlock_bottom.png objects/floor/dungeons_and_flagons3.jpg 3900 -1200 600 600 0 0 0 0 0 0 600 150
cmd puttile objects/scenery/sceneryBlock_top.png objects/scenery/sceneryBlock_bottom.png objects/floor/dungeons_and_flagons3.jpg 3900 -600 600 600 0 0 0 0 0 0 600 150
cmd puttile objects/scenery/sceneryBlock_top.png objects/scenery/sceneryBlock_bottom.png objects/floor/dungeons_and_flagons3.jpg -900 600 300 600 0 0 0 0 0 0 300 100
cmd puttile objects/scenery/sceneryBlock_top.png objects/scenery/sceneryBlock_bottom.png objects/floor/dungeons_and_flagons3.jpg -2700 600 600 600 0 0 0 0 0 0 600 100
cmd puttile objects/scenery/sceneryBlock_top.png objects/scenery/sceneryBlock_bottom.png objects/floor/dungeons_and_flagons3.jpg -2700 1200 600 600 0 0 0 0 0 0 600 100
cmd puttile objects/scenery/sceneryBlock_top.png objects/scenery/sceneryBlock_bottom.png objects/floor/dungeons_and_flagons3.jpg 300 1200 600 600 0 0 0 0 0 0 600 100
cmd puttile objects/scenery/sceneryBlock_top.png objects/scenery/sceneryBlock_bottom.png objects/floor/dungeons_and_flagons3.jpg -300 300 300 300 0 0 0 0 0 0 300 255
cmd puttile objects/scenery/sceneryBlock_top.png objects/scenery/sceneryBlock_bottom.png objects/floor/dungeons_and_flagons3.jpg -300 0 300 300 0 0 0 0 0 0 300 255
cmd puttile objects/scenery/sceneryBlock_top.png objects/scenery/sceneryBlock_bottom.png objects/floor/dungeons_and_flagons3.jpg 0 300 300 300 0 0 0 0 0 0 300 255
cmd puttile objects/scenery/sceneryBlock_top.png objects/scenery/sceneryBlock_bottom.png objects/floor/dungeons_and_flagons3.jpg 0 150 150 150 0 0 0 0 0 0 150 255
cmd puttile objects/scenery/sceneryBlock_top.png objects/scenery/sceneryBlock_bottom.png objects/floor/dungeons_and_flagons3.jpg -900 -600 600 600 0 0 600 0 0 0 0 75
cmd puttile objects/scenery/sceneryBlock_top.png objects/scenery/sceneryBlock_bottom.png objects/floor/dungeons_and_flagons3.jpg -300 -600 600 600 0 0 600 0 0 0 0 75
cmd puttile objects/scenery/sceneryBlock_top.png objects/scenery/sceneryBlock_bottom.png objects/floor/dungeons_and_flagons3.jpg 300 -600 600 600 0 0 600 0 0 0 0 75
cmd puttile objects/scenery/sceneryBlock_top.png objects/scenery/sceneryBlock_bottom.png objects/floor/dungeons_and_flagons3.jpg 300 0 600 600 0 0 600 0 0 0 0 255
cmd puttile objects/scenery/sceneryBlock_top.png objects/scenery/sceneryBlock_bottom.png objects/floor/dungeons_and_flagons3.jpg -300 0 600 600 0 0 600 0 0 0 0 100
cmd puttile objects/scenery/sceneryBlock_top.png objects/scenery/sceneryBlock_bottom.png objects/floor/dungeons_and_flagons3.jpg 150 150 150 150 0 0 0 0 0 0 150 255
cmd puttile objects/scenery/sceneryBlock_top.png objects/scenery/sceneryBlock_bottom.png objects/floor/dungeons_and_flagons3.jpg 300 300 300 300 0 0 0 0 0 0 300 255
cmd puttile objects/scenery/sceneryBlock_top.png objects/scenery/sceneryBlock_bottom.png objects/floor/dungeons_and_flagons3.jpg 600 450 150 150 0 0 0 0 0 0 150 255
cmd puttile objects/scenery/sceneryBlock_top.png objects/scenery/sceneryBlock_bottom.png objects/floor/dungeons_and_flagons3.jpg 750 450 150 150 0 0 0 0 0 0 150 255
cmd puttile objects/scenery/sceneryBlock_top.png objects/scenery/sceneryBlock_bottom.png objects/floor/dungeons_and_flagons3.jpg -1500 -600 600 600 0 0 600 0 0 0 0 75
cmd puttile objects/scenery/sceneryBlock_top.png objects/scenery/sceneryBlock_bottom.png objects/floor/dungeons_and_flagons3.jpg -1200 -600 300 300 0 0 0 0 0 0 300 255
cmd puttile objects/scenery/sceneryBlock_top.png objects/scenery/sceneryBlock_bottom.png objects/wood/more_rough_wood_6.jpg -600 -600 300 150 0 0 0 0 0 0 300 255
cmd puttile objects/scenery/sceneryBlock_top.png objects/scenery/sceneryBlock_bottom.png objects/wood/more_rough_wood_6.jpg 600 -600 300 150 0 0 0 0 0 0 300 255
cmd puttile objects/scenery/sceneryBlock_top.png objects/scenery/sceneryBlock_bottom.png objects/wood/more_rough_wood_6.jpg 0 -750 300 150 0 0 0 0 0 0 300 255
cmd puttile objects/scenery/sceneryBlock_top.png objects/scenery/sceneryBlock_bottom.png objects/floor/dungeons_and_flagons3.jpg -300 -1800 600 600 0 0 600 0 0 0 0 100
cmd puttile objects/scenery/sceneryBlock_top.png objects/scenery/sceneryBlock_bottom.png objects/wood/more_rough_wood_6.jpg -2700 -2400 600 600 0 0 0 0 0 0 600 150
cmd puttile objects/scenery/sceneryBlock_top.png objects/scenery/sceneryBlock_bottom.png objects/wood/more_rough_wood_6.jpg 3900 -2400 600 600 0 0 0 0 0 0 600 150
cmd puttile objects/scenery/sceneryBlock_top.png objects/scenery/sceneryBlock_bottom.png misc/spookybg.jpg -3300 -6000 8400 4800 0 0 4800 0 0 0 0 255
cmd puttile objects/scenery/sceneryBlock_top.png objects/scenery/sceneryBlock_bottom.png misc/spookybg.jpg -3300 -1800 600 600 0 0 0 0 0 0 600 150
cmd puttile objects/scenery/sceneryBlock_top.png objects/scenery/sceneryBlock_bottom.png misc/spookybg.jpg -3300 -1200 600 600 0 0 0 0 0 0 600 150
cmd puttile objects/scenery/sceneryBlock_top.png objects/scenery/sceneryBlock_bottom.png misc/spookybg.jpg -3300 -600 600 600 0 0 0 0 0 0 600 150
cmd puttile objects/scenery/sceneryBlock_top.png objects/scenery/sceneryBlock_bottom.png misc/spookybg.jpg 4500 -1800 600 600 0 0 0 0 0 0 600 150
cmd puttile objects/scenery/sceneryBlock_top.png objects/scenery/sceneryBlock_bottom.png misc/spookybg.jpg 4500 -2400 600 600 0 0 0 0 0 0 600 150
cmd puttile objects/scenery/sceneryBlock_top.png objects/scenery/sceneryBlock_bottom.png misc/spookybg.jpg -3300 -2400 600 600 0 0 0 0 0 0 600 150
cmd puttile objects/scenery/sceneryBlock_top.png objects/scenery/sceneryBlock_bottom.png misc/spookybg.jpg 4500 -1200 600 600 0 0 0 0 0 0 600 150
cmd puttile objects/scenery/sceneryBlock_top.png objects/scenery/sceneryBlock_bottom.png misc/spookybg.jpg 4500 -600 600 600 0 0 0 0 0 0 600 150
cmd puttile objects/scenery/sceneryBlock_top.png objects/scenery/sceneryBlock_bottom.png misc/spookybg.jpg -3300 0 600 600 0 0 0 0 0 0 600 100
cmd puttile objects/scenery/sceneryBlock_top.png objects/scenery/sceneryBlock_bottom.png misc/spookybg.jpg 4500 0 600 600 0 0 0 0 0 0 600 100
cmd puttile objects/scenery/sceneryBlock_top.png objects/scenery/sceneryBlock_bottom.png misc/spookybg.jpg 4500 600 600 600 0 0 0 0 0 0 600 100
cmd puttile objects/scenery/sceneryBlock_top.png objects/scenery/sceneryBlock_bottom.png misc/spookybg.jpg -3300 600 600 600 0 0 0 0 0 0 600 100
cmd puttile objects/scenery/sceneryBlock_top.png objects/scenery/sceneryBlock_bottom.png misc/spookybg.jpg 4500 1200 600 600 0 0 0 0 0 0 600 100
cmd puttile objects/scenery/sceneryBlock_top.png objects/scenery/sceneryBlock_bottom.png misc/spookybg.jpg -3300 1200 600 600 0 0 0 0 0 0 600 100
cmd puttile objects/scenery/sceneryBlock_top.png objects/scenery/sceneryBlock_bottom.png misc/spookybg.jpg -3300 1800 600 600 0 0 0 0 0 0 600 50
cmd puttile objects/scenery/sceneryBlock_top.png objects/scenery/sceneryBlock_bottom.png misc/spookybg.jpg -2700 1800 600 600 0 0 0 0 0 0 600 50
cmd puttile objects/scenery/sceneryBlock_top.png objects/scenery/sceneryBlock_bottom.png misc/spookybg.jpg -3300 2400 600 600 0 0 0 0 0 0 600 50
cmd puttile objects/scenery/sceneryBlock_top.png objects/scenery/sceneryBlock_bottom.png misc/spookybg.jpg -3300 3000 600 600 0 0 0 0 0 0 600 50
cmd puttile objects/scenery/sceneryBlock_top.png objects/scenery/sceneryBlock_bottom.png misc/spookybg.jpg -2700 2400 600 600 0 0 0 0 0 0 600 50
cmd puttile objects/scenery/sceneryBlock_top.png objects/scenery/sceneryBlock_bottom.png misc/spookybg.jpg -2700 3000 600 600 0 0 0 0 0 0 600 255
cmd puttile objects/scenery/sceneryBlock_top.png objects/scenery/sceneryBlock_bottom.png misc/spookybg.jpg -2100 1800 600 600 0 0 0 0 0 0 600 50
cmd puttile objects/scenery/sceneryBlock_top.png objects/scenery/sceneryBlock_bottom.png misc/spookybg.jpg -1500 1800 600 600 0 0 0 0 0 0 600 50
cmd puttile objects/scenery/sceneryBlock_top.png objects/scenery/sceneryBlock_bottom.png misc/spookybg.jpg 1500 1800 600 600 0 0 0 0 0 0 600 50
cmd puttile objects/scenery/sceneryBlock_top.png objects/scenery/sceneryBlock_bottom.png misc/spookybg.jpg 2100 1800 600 600 0 0 0 0 0 0 600 50
cmd puttile objects/scenery/sceneryBlock_top.png objects/scenery/sceneryBlock_bottom.png misc/spookybg.jpg 2700 1800 600 600 0 0 0 0 0 0 600 50
cmd puttile objects/scenery/sceneryBlock_top.png objects/scenery/sceneryBlock_bottom.png misc/spookybg.jpg 3300 1800 600 600 0 0 0 0 0 0 600 50
cmd puttile objects/scenery/sceneryBlock_top.png objects/scenery/sceneryBlock_bottom.png misc/spookybg.jpg 3900 1800 600 600 0 0 0 0 0 0 600 50
cmd puttile objects/scenery/sceneryBlock_top.png objects/scenery/sceneryBlock_bottom.png misc/spookybg.jpg 4500 1800 600 600 0 0 0 0 0 0 600 50
cmd puttile objects/scenery/sceneryBlock_top.png objects/scenery/sceneryBlock_bottom.png misc/spookybg.jpg 4500 2400 600 600 0 0 0 0 0 0 600 50
cmd puttile objects/scenery/sceneryBlock_top.png objects/scenery/sceneryBlock_bottom.png misc/spookybg.jpg 4500 3000 600 600 0 0 0 0 0 0 600 50
cmd puttile objects/scenery/sceneryBlock_top.png objects/scenery/sceneryBlock_bottom.png misc/spookybg.jpg 3900 3000 600 600 0 0 0 0 0 0 600 50
cmd puttile objects/scenery/sceneryBlock_top.png objects/scenery/sceneryBlock_bottom.png misc/spookybg.jpg 3300 3000 600 600 0 0 0 0 0 0 600 50
cmd puttile objects/scenery/sceneryBlock_top.png objects/scenery/sceneryBlock_bottom.png misc/spookybg.jpg 2700 3000 600 600 0 0 0 0 0 0 600 50
cmd puttile objects/scenery/sceneryBlock_top.png objects/scenery/sceneryBlock_bottom.png misc/spookybg.jpg 2100 3000 600 600 0 0 0 0 0 0 600 50
cmd puttile objects/scenery/sceneryBlock_top.png objects/scenery/sceneryBlock_bottom.png misc/spookybg.jpg 1500 3000 600 600 0 0 0 0 0 0 600 50
cmd puttile objects/scenery/sceneryBlock_top.png objects/scenery/sceneryBlock_bottom.png misc/spookybg.jpg -2100 2400 600 600 0 0 0 0 0 0 600 50
cmd puttile objects/scenery/sceneryBlock_top.png objects/scenery/sceneryBlock_bottom.png misc/spookybg.jpg -1500 2400 600 600 0 0 0 0 0 0 600 50
cmd puttile objects/scenery/sceneryBlock_top.png objects/scenery/sceneryBlock_bottom.png misc/spookybg.jpg -900 2400 600 600 0 0 0 0 0 0 600 50
cmd puttile objects/scenery/sceneryBlock_top.png objects/scenery/sceneryBlock_bottom.png misc/spookybg.jpg 300 2400 600 600 0 0 0 0 0 0 600 50
cmd puttile objects/scenery/sceneryBlock_top.png objects/scenery/sceneryBlock_bottom.png misc/spookybg.jpg 900 2400 600 600 0 0 0 0 0 0 600 50
cmd puttile objects/scenery/sceneryBlock_top.png objects/scenery/sceneryBlock_bottom.png misc/spookybg.jpg 1500 2400 600 600 0 0 0 0 0 0 600 50
cmd puttile objects/scenery/sceneryBlock_top.png objects/scenery/sceneryBlock_bottom.png misc/spookybg.jpg 2100 2400 600 600 0 0 0 0 0 0 600 50
cmd puttile objects/scenery/sceneryBlock_top.png objects/scenery/sceneryBlock_bottom.png misc/spookybg.jpg 2700 2400 600 600 0 0 0 0 0 0 600 50
cmd puttile objects/scenery/sceneryBlock_top.png objects/scenery/sceneryBlock_bottom.png misc/spookybg.jpg 3300 2400 600 600 0 0 0 0 0 0 600 50
cmd puttile objects/scenery/sceneryBlock_top.png objects/scenery/sceneryBlock_bottom.png misc/spookybg.jpg 3900 2400 600 600 0 0 0 0 0 0 600 50
cmd puttile objects/scenery/sceneryBlock_top.png objects/scenery/sceneryBlock_bottom.png misc/spookybg.jpg -3300 3600 600 600 0 0 0 0 0 0 600 50
cmd puttile objects/scenery/sceneryBlock_top.png objects/scenery/sceneryBlock_bottom.png misc/spookybg.jpg -900 3600 600 600 0 0 0 0 0 0 600 50
cmd puttile objects/scenery/sceneryBlock_top.png objects/scenery/sceneryBlock_bottom.png misc/spookybg.jpg -300 3600 600 600 0 0 0 0 0 0 600 50
cmd puttile objects/scenery/sceneryBlock_top.png objects/scenery/sceneryBlock_bottom.png misc/spookybg.jpg 300 3600 600 600 0 0 0 0 0 0 600 50
cmd puttile objects/scenery/sceneryBlock_top.png objects/scenery/sceneryBlock_bottom.png misc/spookybg.jpg 900 3600 600 600 0 0 0 0 0 0 600 50
cmd puttile objects/scenery/sceneryBlock_top.png objects/scenery/sceneryBlock_bottom.png misc/spookybg.jpg 1500 3600 600 600 0 0 0 0 0 0 600 50
cmd puttile objects/scenery/sceneryBlock_top.png objects/scenery/sceneryBlock_bottom.png misc/spookybg.jpg 2100 3600 600 600 0 0 0 0 0 0 600 50
cmd puttile objects/scenery/sceneryBlock_top.png objects/scenery/sceneryBlock_bottom.png misc/spookybg.jpg 2700 3600 600 600 0 0 0 0 0 0 600 50
cmd puttile objects/scenery/sceneryBlock_top.png objects/scenery/sceneryBlock_bottom.png misc/spookybg.jpg 3300 3600 600 600 0 0 0 0 0 0 600 50
cmd puttile objects/scenery/sceneryBlock_top.png objects/scenery/sceneryBlock_bottom.png misc/spookybg.jpg 3900 3600 600 600 0 0 0 0 0 0 600 50
cmd puttile objects/scenery/sceneryBlock_top.png objects/scenery/sceneryBlock_bottom.png misc/spookybg.jpg 4500 3600 600 600 0 0 0 0 0 0 600 50
cmd puttile objects/scenery/sceneryBlock_top.png objects/scenery/sceneryBlock_bottom.png objects/floor/dungeons_and_flagons3.jpg -2100 -600 600 600 0 0 600 0 0 0 0 75
cmd puttile objects/scenery/sceneryBlock_top.png objects/scenery/sceneryBlock_bottom.png objects/floor/dungeons_and_flagons3.jpg -2100 0 600 600 0 0 600 0 0 0 0 75
cmd puttile objects/scenery/sceneryBlock_top.png objects/scenery/sceneryBlock_bottom.png objects/floor/dungeons_and_flagons3.jpg -2100 600 600 600 0 0 600 0 0 0 0 255
cmd puttile objects/scenery/sceneryBlock_top.png objects/scenery/sceneryBlock_bottom.png objects/floor/dungeons_and_flagons3.jpg -1500 600 600 600 0 0 600 0 0 0 0 255
cmd puttile objects/scenery/sceneryBlock_top.png objects/scenery/sceneryBlock_bottom.png objects/floor/dungeons_and_flagons3.jpg 2100 600 600 600 0 0 600 0 0 0 0 65
cmd puttile objects/scenery/sceneryBlock_top.png objects/scenery/sceneryBlock_bottom.png objects/floor/dungeons_and_flagons3.jpg -2100 1200 600 600 0 0 600 0 0 0 0 75
cmd puttile objects/scenery/sceneryBlock_top.png objects/scenery/sceneryBlock_bottom.png objects/floor/dungeons_and_flagons3.jpg -1500 1200 600 600 0 0 600 0 0 0 0 75
cmd puttile objects/scenery/sceneryBlock_top.png objects/scenery/sceneryBlock_bottom.png objects/floor/dungeons_and_flagons3.jpg -900 1200 600 600 0 0 600 0 0 0 0 75
cmd puttile objects/scenery/sceneryBlock_top.png objects/scenery/sceneryBlock_bottom.png objects/floor/dungeons_and_flagons3.jpg -300 1200 600 600 0 0 600 0 0 0 0 75
cmd puttile objects/scenery/sceneryBlock_top.png objects/scenery/sceneryBlock_bottom.png objects/floor/dungeons_and_flagons3.jpg 900 1200 600 600 0 0 600 0 0 0 0 75
cmd puttile objects/scenery/sceneryBlock_top.png objects/scenery/sceneryBlock_bottom.png objects/floor/dungeons_and_flagons3.jpg 1500 1200 600 600 0 0 600 0 0 0 0 75
cmd puttile objects/scenery/sceneryBlock_top.png objects/scenery/sceneryBlock_bottom.png objects/floor/dungeons_and_flagons3.jpg 2100 1200 600 600 0 0 600 0 0 0 0 75
cmd puttile objects/scenery/sceneryBlock_top.png objects/scenery/sceneryBlock_bottom.png objects/floor/dungeons_and_flagons3.jpg -900 1800 600 600 0 0 600 0 0 0 0 75
cmd puttile objects/scenery/sceneryBlock_top.png objects/scenery/sceneryBlock_bottom.png objects/floor/dungeons_and_flagons3.jpg -300 1800 600 600 0 0 600 0 0 0 0 255
cmd puttile objects/scenery/sceneryBlock_top.png objects/scenery/sceneryBlock_bottom.png objects/floor/dungeons_and_flagons3.jpg 300 1800 600 600 0 0 600 0 0 0 0 255
cmd puttile objects/scenery/sceneryBlock_top.png objects/scenery/sceneryBlock_bottom.png objects/floor/dungeons_and_flagons3.jpg 900 1800 600 600 0 0 600 0 0 0 0 255
cmd puttile objects/scenery/sceneryBlock_top.png objects/scenery/sceneryBlock_bottom.png objects/floor/dungeons_and_flagons3.jpg -300 2400 600 600 0 0 600 0 0 0 0 65
cmd puttile objects/scenery/sceneryBlock_top.png objects/scenery/sceneryBlock_bottom.png objects/floor/dungeons_and_flagons3.jpg -300 3000 600 600 0 0 600 0 0 0 0 50
cmd puttile objects/scenery/sceneryBlock_top.png objects/scenery/sceneryBlock_bottom.png objects/floor/dungeons_and_flagons3.jpg 300 3000 600 600 0 0 600 0 0 0 0 50
cmd puttile objects/scenery/sceneryBlock_top.png objects/scenery/sceneryBlock_bottom.png objects/floor/dungeons_and_flagons3.jpg 900 3000 600 600 0 0 600 0 0 0 0 255
cmd puttile objects/scenery/sceneryBlock_top.png objects/scenery/sceneryBlock_bottom.png objects/floor/dungeons_and_flagons3.jpg -900 2100 300 300 0 0 0 0 0 0 300 255
cmd puttile objects/scenery/sceneryBlock_top.png objects/scenery/sceneryBlock_bottom.png objects/floor/dungeons_and_flagons3.jpg -600 2250 150 150 0 0 0 0 0 0 150 255
cmd puttile objects/scenery/sceneryBlock_top.png objects/scenery/sceneryBlock_bottom.png objects/floor/dungeons_and_flagons3.jpg -900 1950 150 150 0 0 0 0 0 0 150 255
cmd puttile objects/scenery/sceneryBlock_top.png objects/scenery/sceneryBlock_bottom.png objects/floor/dungeons_and_flagons3.jpg 1200 2100 300 300 0 0 0 0 0 0 300 255
cmd puttile objects/scenery/sceneryBlock_top.png objects/scenery/sceneryBlock_bottom.png objects/floor/dungeons_and_flagons3.jpg 1050 2250 150 150 0 0 0 0 0 0 150 255
cmd puttile objects/scenery/sceneryBlock_top.png objects/scenery/sceneryBlock_bottom.png objects/floor/dungeons_and_flagons3.jpg 1350 1950 150 150 0 0 0 0 0 0 150 255
cmd puttile objects/scenery/sceneryBlock_top.png objects/scenery/sceneryBlock_bottom.png objects/floor/dungeons_and_flagons3.jpg 2700 0 600 600 0 0 600 0 0 0 0 150
cmd puttile objects/scenery/sceneryBlock_top.png objects/scenery/sceneryBlock_bottom.png objects/floor/dungeons_and_flagons3.jpg 3300 0 600 600 0 0 600 0 0 0 0 255
cmd puttile objects/scenery/sceneryBlock_top.png objects/scenery/sceneryBlock_bottom.png objects/floor/dungeons_and_flagons3.jpg 3900 0 600 600 0 0 600 0 0 0 0 255
cmd puttile objects/scenery/sceneryBlock_top.png objects/scenery/sceneryBlock_bottom.png objects/floor/dungeons_and_flagons3.jpg 3900 600 600 600 0 0 600 0 0 0 0 150
cmd puttile objects/scenery/sceneryBlock_top.png objects/scenery/sceneryBlock_bottom.png objects/floor/dungeons_and_flagons3.jpg 3900 1200 600 600 0 0 600 0 0 0 0 125
cmd puttile objects/scenery/sceneryBlock_top.png objects/scenery/sceneryBlock_bottom.png objects/floor/dungeons_and_flagons3.jpg 3300 1200 600 600 0 0 600 0 0 0 0 85
cmd puttile objects/scenery/sceneryBlock_top.png objects/scenery/sceneryBlock_bottom.png objects/floor/dungeons_and_flagons3.jpg 2700 1200 600 600 0 0 600 0 0 0 0 85
cmd puttile objects/scenery/sceneryBlock_top.png objects/scenery/sceneryBlock_bottom.png objects/floor/dungeons_and_flagons3.jpg 2250 1500 300 300 0 0 0 0 0 0 300 255
cmd puttile objects/scenery/sceneryBlock_top.png objects/scenery/sceneryBlock_bottom.png objects/floor/dungeons_and_flagons3.jpg 2100 1650 150 150 0 0 0 0 0 0 150 255
cmd puttile objects/scenery/sceneryBlock_top.png objects/scenery/sceneryBlock_bottom.png objects/floor/dungeons_and_flagons3.jpg 2550 1650 150 150 0 0 0 0 0 0 150 255
cmd puttile objects/scenery/sceneryBlock_top.png objects/scenery/sceneryBlock_bottom.png objects/floor/dungeons_and_flagons3.jpg -900 0 600 600 0 0 600 0 0 0 0 255
cmd puttile objects/scenery/sceneryBlock_top.png objects/scenery/sceneryBlock_bottom.png objects/floor/dungeons_and_flagons3.jpg -900 600 600 600 0 0 600 0 0 0 0 255
cmd puttile objects/scenery/sceneryBlock_top.png objects/scenery/sceneryBlock_bottom.png objects/wood/more_rough_wood_6.jpg 900 525 75 75 0 0 0 0 0 0 75 255
cmd puttile objects/scenery/sceneryBlock_top.png objects/scenery/sceneryBlock_bottom.png objects/wood/more_rough_wood_6.jpg 975 525 75 75 0 0 0 0 0 0 75 255
cmd puttile objects/scenery/sceneryBlock_top.png objects/scenery/sceneryBlock_bottom.png objects/wood/more_rough_wood_6.jpg 600 375 75 75 0 0 0 0 0 0 75 255
cmd puttile objects/scenery/sceneryBlock_top.png objects/scenery/sceneryBlock_bottom.png objects/wood/more_rough_wood_6.jpg 675 375 75 75 0 0 0 0 0 0 75 255
cmd puttile objects/scenery/sceneryBlock_top.png objects/scenery/sceneryBlock_bottom.png objects/wood/more_rough_wood_6.jpg 300 225 75 75 0 0 0 0 0 0 75 255
cmd puttile objects/scenery/sceneryBlock_top.png objects/scenery/sceneryBlock_bottom.png objects/wood/more_rough_wood_6.jpg 375 225 75 75 0 0 0 0 0 0 75 255
cmd puttile objects/scenery/sceneryBlock_top.png objects/scenery/sceneryBlock_bottom.png objects/wood/more_rough_wood_6.jpg 0 75 75 75 0 0 0 0 0 0 75 255
cmd puttile objects/scenery/sceneryBlock_top.png objects/scenery/sceneryBlock_bottom.png objects/wood/more_rough_wood_6.jpg 75 75 75 75 0 0 0 0 0 0 75 255
cmd puttile objects/scenery/sceneryBlock_top.png objects/scenery/sceneryBlock_bottom.png objects/wood/more_rough_wood_6.jpg 1425 1875 75 75 0 0 0 0 0 0 75 255
cmd puttile objects/scenery/sceneryBlock_top.png objects/scenery/sceneryBlock_bottom.png objects/wood/more_rough_wood_6.jpg 1275 2025 75 75 0 0 0 0 0 0 75 255
cmd puttile objects/scenery/sceneryBlock_top.png objects/scenery/sceneryBlock_bottom.png objects/wood/more_rough_wood_6.jpg 1125 2175 75 75 0 0 0 0 0 0 75 255
cmd puttile objects/scenery/sceneryBlock_top.png objects/scenery/sceneryBlock_bottom.png objects/wood/more_rough_wood_6.jpg 975 2325 75 75 0 0 0 0 0 0 75 255
cmd puttile objects/scenery/sceneryBlock_top.png objects/scenery/sceneryBlock_bottom.png objects/wood/more_rough_wood_6.jpg -450 2325 75 75 0 0 0 0 0 0 75 255
cmd puttile objects/scenery/sceneryBlock_top.png objects/scenery/sceneryBlock_bottom.png objects/wood/more_rough_wood_6.jpg -600 2175 75 75 0 0 0 0 0 0 75 255
cmd puttile objects/scenery/sceneryBlock_top.png objects/scenery/sceneryBlock_bottom.png objects/wood/more_rough_wood_6.jpg -750 2025 75 75 0 0 0 0 0 0 75 255
cmd puttile objects/scenery/sceneryBlock_top.png objects/scenery/sceneryBlock_bottom.png objects/wood/more_rough_wood_6.jpg -900 1875 75 75 0 0 0 0 0 0 75 255
cmd puttile objects/scenery/sceneryBlock_top.png objects/scenery/sceneryBlock_bottom.png objects/wood/more_rough_wood_6.jpg 2175 1575 75 75 0 0 0 0 0 0 75 255
cmd puttile objects/scenery/sceneryBlock_top.png objects/scenery/sceneryBlock_bottom.png objects/wood/more_rough_wood_6.jpg 2025 1725 75 75 0 0 0 0 0 0 75 255
cmd puttile objects/scenery/sceneryBlock_top.png objects/scenery/sceneryBlock_bottom.png objects/wood/more_rough_wood_6.jpg 2700 1725 75 75 0 0 0 0 0 0 75 255
cmd puttile objects/scenery/sceneryBlock_top.png objects/scenery/sceneryBlock_bottom.png objects/wood/more_rough_wood_6.jpg 2550 1575 75 75 0 0 0 0 0 0 75 255
cmd puttile objects/scenery/sceneryBlock_top.png objects/scenery/sceneryBlock_bottom.png none 3300 -1800 600 600 0 0 600 0 0 0 0 100
cmd puttile objects/scenery/sceneryBlock_top.png objects/scenery/sceneryBlock_bottom.png objects/floor/dungeons_and_flagons3.jpg 3300 -1200 600 600 0 0 600 0 0 0 0 255
cmd puttile objects/scenery/sceneryBlock_top.png objects/scenery/sceneryBlock_bottom.png objects/floor/dungeons_and_flagons3.jpg 3300 -600 600 600 0 0 600 0 0 0 0 255
cmd puttile objects/scenery/sceneryBlock_top.png objects/scenery/sceneryBlock_bottom.png objects/wood/more_rough_wood_6.jpg -3900 -6600 600 4800 0 0 0 0 0 0 600 25
cmd puttile objects/scenery/sceneryBlock_top.png objects/scenery/sceneryBlock_bottom.png objects/wood/more_rough_wood_6.jpg 5100 -6600 600 4800 0 0 0 0 0 0 600 25
cmd puttile objects/scenery/sceneryBlock_top.png objects/scenery/sceneryBlock_bottom.png objects/wood/more_rough_wood_6.jpg -3300 -6600 8400 600 0 0 0 0 0 0 8400 25
cmd puttile objects/scenery/sceneryBlock_top.png objects/scenery/sceneryBlock_bottom.png objects/floor/dungeons_and_flagons3.jpg -900 3000 600 600 0 0 600 0 0 0 0 50
cmd puttile objects/scenery/sceneryBlock_top.png objects/scenery/sceneryBlock_bottom.png objects/floor/dungeons_and_flagons3.jpg -1500 3000 600 600 0 0 600 0 0 0 0 255
cmd puttile objects/scenery/sceneryBlock_top.png objects/scenery/sceneryBlock_bottom.png objects/floor/dungeons_and_flagons3.jpg -2100 3000 600 600 0 0 600 0 0 0 0 255
cmd puttile objects/scenery/sceneryBlock_top.png objects/scenery/sceneryBlock_bottom.png objects/floor/dungeons_and_flagons3.jpg -1050 3675 150 525 0 0 0 0 0 0 150 50
cmd puttile objects/scenery/sceneryBlock_top.png objects/scenery/sceneryBlock_bottom.png objects/floor/dungeons_and_flagons3.jpg -1200 3750 150 450 0 0 0 0 0 0 150 50
cmd puttile objects/scenery/sceneryBlock_top.png objects/scenery/sceneryBlock_bottom.png objects/floor/dungeons_and_flagons3.jpg -1350 3825 150 375 0 0 0 0 0 0 150 50
cmd puttile objects/scenery/sceneryBlock_top.png objects/scenery/sceneryBlock_bottom.png objects/floor/dungeons_and_flagons3.jpg -1500 3900 150 300 0 0 0 0 0 0 150 50
cmd puttile objects/scenery/sceneryBlock_top.png objects/scenery/sceneryBlock_bottom.png objects/floor/dungeons_and_flagons3.jpg -1650 3975 150 225 0 0 0 0 0 0 150 50
cmd puttile objects/scenery/sceneryBlock_top.png objects/scenery/sceneryBlock_bottom.png objects/floor/dungeons_and_flagons3.jpg -1800 4050 150 150 0 0 0 0 0 0 150 50
cmd puttile objects/scenery/sceneryBlock_top.png objects/scenery/sceneryBlock_bottom.png objects/floor/dungeons_and_flagons3.jpg -1950 4125 150 75 0 0 0 0 0 0 150 50
cmd puttile objects/scenery/sceneryBlock_top.png objects/scenery/sceneryBlock_bottom.png objects/floor/dungeons_and_flagons3.jpg -1500 3600 600 600 0 0 600 0 0 0 0 255
cmd puttile objects/scenery/sceneryBlock_top.png objects/scenery/sceneryBlock_bottom.png objects/floor/dungeons_and_flagons3.jpg -2100 3600 600 600 0 0 600 0 0 0 0 255
cmd puttile objects/scenery/sceneryBlock_top.png objects/scenery/sceneryBlock_bottom.png objects/floor/dungeons_and_flagons3.jpg -2700 3600 600 600 0 0 600 0 0 0 0 255
cmd puttile objects/scenery/sceneryBlock_top.png objects/scenery/sceneryBlock_bottom.png objects/floor/dungeons_and_flagons3.jpg -3300 4200 600 600 0 0 0 0 0 0 600 50
cmd puttile objects/scenery/sceneryBlock_top.png objects/scenery/sceneryBlock_bottom.png objects/floor/dungeons_and_flagons3.jpg -2100 4200 600 600 0 0 0 0 0 0 600 50
cmd puttile objects/scenery/sceneryBlock_top.png objects/scenery/sceneryBlock_bottom.png objects/floor/dungeons_and_flagons3.jpg -1500 4200 600 600 0 0 0 0 0 0 600 50
cmd puttile objects/scenery/sceneryBlock_top.png objects/scenery/sceneryBlock_bottom.png objects/floor/dungeons_and_flagons3.jpg -900 4200 600 600 0 0 0 0 0 0 600 50
cmd puttile objects/scenery/sceneryBlock_top.png objects/scenery/sceneryBlock_bottom.png objects/floor/dungeons_and_flagons3.jpg -300 4200 600 600 0 0 0 0 0 0 600 50
cmd puttile objects/scenery/sceneryBlock_top.png objects/scenery/sceneryBlock_bottom.png objects/floor/dungeons_and_flagons3.jpg 300 4200 600 600 0 0 0 0 0 0 600 50
cmd puttile objects/scenery/sceneryBlock_top.png objects/scenery/sceneryBlock_bottom.png objects/floor/dungeons_and_flagons3.jpg 900 4200 600 600 0 0 0 0 0 0 600 50
cmd puttile objects/scenery/sceneryBlock_top.png objects/scenery/sceneryBlock_bottom.png objects/floor/dungeons_and_flagons3.jpg -2700 4200 600 600 0 0 600 0 0 0 0 50
cmd puttile objects/scenery/sceneryBlock_top.png objects/scenery/sceneryBlock_bottom.png objects/floor/dungeons_and_flagons3.jpg -3300 4800 600 600 0 0 0 0 0 0 600 50
cmd puttile objects/scenery/sceneryBlock_top.png objects/scenery/sceneryBlock_bottom.png objects/floor/dungeons_and_flagons3.jpg -3300 5400 600 600 0 0 0 0 0 0 600 50
cmd puttile objects/scenery/sceneryBlock_top.png objects/scenery/sceneryBlock_bottom.png objects/floor/dungeons_and_flagons3.jpg -2700 5400 600 600 0 0 0 0 0 0 600 50
cmd puttile objects/scenery/sceneryBlock_top.png objects/scenery/sceneryBlock_bottom.png objects/floor/dungeons_and_flagons3.jpg -2100 5400 600 600 0 0 0 0 0 0 600 50
cmd puttile objects/scenery/sceneryBlock_top.png objects/scenery/sceneryBlock_bottom.png objects/floor/dungeons_and_flagons3.jpg -1500 5400 600 600 0 0 0 0 0 0 600 50
cmd puttile objects/scenery/sceneryBlock_top.png objects/scenery/sceneryBlock_bottom.png objects/floor/dungeons_and_flagons3.jpg -2700 4800 600 600 0 0 600 0 0 0 0 40
cmd puttile objects/scenery/sceneryBlock_top.png objects/scenery/sceneryBlock_bottom.png objects/floor/dungeons_and_flagons3.jpg -2100 4800 600 600 0 0 600 0 0 0 0 35
cmd puttile objects/scenery/sceneryBlock_top.png objects/scenery/sceneryBlock_bottom.png objects/floor/dungeons_and_flagons3.jpg -1500 4800 600 600 0 0 600 0 0 0 0 30
cmd puttile objects/scenery/sceneryBlock_top.png objects/scenery/sceneryBlock_bottom.png objects/floor/dungeons_and_flagons3.jpg -900 4800 600 600 0 0 600 0 0 0 0 25
cmd puttile objects/scenery/sceneryBlock_top.png objects/scenery/sceneryBlock_bottom.png objects/floor/dungeons_and_flagons3.jpg -300 4800 600 600 0 0 600 0 0 0 0 20
cmd puttile objects/scenery/sceneryBlock_top.png objects/scenery/sceneryBlock_bottom.png objects/floor/dungeons_and_flagons3.jpg 300 4800 600 600 0 0 600 0 0 0 0 15
cmd puttile objects/scenery/sceneryBlock_top.png objects/scenery/sceneryBlock_bottom.png objects/floor/dungeons_and_flagons3.jpg 900 4800 600 600 0 0 600 0 0 0 0 10
cmd puttile objects/scenery/sceneryBlock_top.png objects/scenery/sceneryBlock_bottom.png objects/floor/dungeons_and_flagons3.jpg 1500 4800 600 600 0 0 600 0 0 0 0 5
cmd puttile objects/scenery/sceneryBlock_top.png objects/scenery/sceneryBlock_bottom.png objects/floor/dungeons_and_flagons3.jpg 2100 4200 600 600 0 0 600 0 0 0 0 0
cmd puttile objects/scenery/sceneryBlock_top.png objects/scenery/sceneryBlock_bottom.png objects/floor/dungeons_and_flagons3.jpg 2700 4200 600 600 0 0 600 0 0 0 0 0
cmd puttile objects/scenery/sceneryBlock_top.png objects/scenery/sceneryBlock_bottom.png misc/horror.jpg 2100 4800 2400 600 0 0 600 0 0 0 0 0
cmd puttile objects/scenery/sceneryBlock_top.png objects/scenery/sceneryBlock_bottom.png objects/floor/dungeons_and_flagons3.jpg 3300 4200 600 600 0 0 600 0 0 0 0 0
cmd puttile objects/scenery/sceneryBlock_top.png objects/scenery/sceneryBlock_bottom.png objects/floor/dungeons_and_flagons3.jpg 3900 4200 600 600 0 0 600 0 0 0 0 0
cmd puttile objects/scenery/sceneryBlock_top.png objects/scenery/sceneryBlock_bottom.png objects/wood/more_rough_wood_6.jpg -900 5400 600 600 0 0 0 0 0 0 600 25
cmd puttile objects/scenery/sceneryBlock_top.png objects/scenery/sceneryBlock_bottom.png objects/wood/more_rough_wood_6.jpg 1500 4200 600 600 0 0 0 0 0 0 600 5
cmd puttile objects/scenery/sceneryBlock_top.png objects/scenery/sceneryBlock_bottom.png objects/wood/more_rough_wood_6.jpg -300 5400 600 600 0 0 0 0 0 0 600 20
cmd puttile objects/scenery/sceneryBlock_top.png objects/scenery/sceneryBlock_bottom.png objects/wood/more_rough_wood_6.jpg 300 5400 600 600 0 0 0 0 0 0 600 15
cmd puttile objects/scenery/sceneryBlock_top.png objects/scenery/sceneryBlock_bottom.png objects/wood/more_rough_wood_6.jpg 900 5400 600 600 0 0 0 0 0 0 600 10
cmd puttile objects/scenery/sceneryBlock_top.png objects/scenery/sceneryBlock_bottom.png objects/wood/more_rough_wood_6.jpg 4500 4200 600 600 0 0 0 0 0 0 600 10
cmd puttile objects/scenery/sceneryBlock_top.png objects/scenery/sceneryBlock_bottom.png objects/wood/more_rough_wood_6.jpg 4500 4800 600 600 0 0 0 0 0 0 600 10
cmd puttile objects/scenery/sceneryBlock_top.png objects/scenery/sceneryBlock_bottom.png objects/wood/more_rough_wood_6.jpg 4500 5400 600 600 0 0 0 0 0 0 600 10
cmd puttile objects/scenery/sceneryBlock_top.png objects/scenery/sceneryBlock_bottom.png objects/wood/more_rough_wood_6.jpg 1500 5400 600 600 0 0 0 0 0 0 600 0
cmd puttile objects/scenery/sceneryBlock_top.png objects/scenery/sceneryBlock_bottom.png objects/wood/more_rough_wood_6.jpg 2100 5400 600 600 0 0 0 0 0 0 600 0
cmd puttile objects/scenery/sceneryBlock_top.png objects/scenery/sceneryBlock_bottom.png objects/wood/more_rough_wood_6.jpg 2700 5400 600 600 0 0 0 0 0 0 600 0
cmd puttile objects/scenery/sceneryBlock_top.png objects/scenery/sceneryBlock_bottom.png objects/wood/more_rough_wood_6.jpg 3300 5400 600 600 0 0 0 0 0 0 600 0
cmd puttile objects/scenery/sceneryBlock_top.png objects/scenery/sceneryBlock_bottom.png objects/wood/more_rough_wood_6.jpg 3900 5400 600 600 0 0 0 0 0 0 600 0
cmd puttile objects/scenery/sceneryBlock_top.png objects/scenery/sceneryBlock_bottom.png objects/wood/more_rough_wood_6.jpg 5700 -6600 4800 4800 0 0 50 0 0 0 4800 50
cmd puttile objects/scenery/sceneryBlock_top.png objects/scenery/sceneryBlock_bottom.png objects/wood/more_rough_wood_6.jpg 5070 -1800 4800 4800 0 0 50 0 0 0 4800 50
cmd puttile objects/scenery/sceneryBlock_top.png objects/scenery/sceneryBlock_bottom.png objects/wood/more_rough_wood_6.jpg 5070 3000 4800 4800 0 0 50 0 0 0 4800 50
cmd puttile objects/scenery/sceneryBlock_top.png objects/scenery/sceneryBlock_bottom.png objects/wood/more_rough_wood_6.jpg 270 6000 4800 4800 0 0 50 0 0 0 4800 50
cmd puttile objects/scenery/sceneryBlock_top.png objects/scenery/sceneryBlock_bottom.png objects/wood/more_rough_wood_6.jpg -4530 6000 4800 4800 0 0 50 0 0 0 4800 50
cmd puttile objects/scenery/sceneryBlock_top.png objects/scenery/sceneryBlock_bottom.png objects/wood/more_rough_wood_6.jpg -8100 1200 4800 4800 0 0 50 0 0 0 4800 50
cmd puttile objects/scenery/sceneryBlock_top.png objects/scenery/sceneryBlock_bottom.png objects/wood/more_rough_wood_6.jpg -8100 -1800 4800 3000 0 0 50 0 0 0 4800 50
cmd puttile objects/scenery/sceneryBlock_top.png objects/scenery/sceneryBlock_bottom.png objects/wood/more_rough_wood_6.jpg -8700 -6600 4800 4800 0 0 50 0 0 0 4800 50
cmd puttile objects/scenery/sceneryBlock_top.png objects/scenery/sceneryBlock_bottom.png objects/wood/more_rough_wood_6.jpg -8700 -11400 4800 4800 0 0 50 0 0 0 4800 50
cmd puttile objects/scenery/sceneryBlock_top.png objects/scenery/sceneryBlock_bottom.png objects/wood/more_rough_wood_6.jpg -3900 -11400 4800 4800 0 0 50 0 0 0 4800 50
cmd puttile objects/scenery/sceneryBlock_top.png objects/scenery/sceneryBlock_bottom.png objects/wood/more_rough_wood_6.jpg 900 -11400 4800 4800 0 0 50 0 0 0 4800 50
cmd puttile objects/scenery/sceneryBlock_top.png objects/scenery/sceneryBlock_bottom.png objects/wood/more_rough_wood_6.jpg 5700 -11400 4800 4800 0 0 50 0 0 0 4800 50
cmd puttile objects/scenery/sceneryBlock_top.png objects/scenery/sceneryBlock_bottom.png objects/wood/more_rough_wood_6.jpg -1200 -900 300 300 0 0 0 0 0 0 0 255
cmd puttile objects/scenery/sceneryBlock_top.png objects/scenery/sceneryBlock_bottom.png objects/wood/more_rough_wood_6.jpg 0 -1050 300 300 0 0 0 0 0 0 0 255
cmd puttile objects/scenery/sceneryBlock_top.png objects/scenery/sceneryBlock_bottom.png objects/wood/more_rough_wood_6.jpg 1080 270 300 300 0 0 0 0 0 0 0 255
cmd puttile objects/scenery/sceneryBlock_top.png objects/scenery/sceneryBlock_bottom.png objects/wood/more_rough_wood_6.jpg 3450 270 300 300 0 0 0 0 0 0 0 255
cmd puttile objects/scenery/sceneryBlock_top.png objects/scenery/sceneryBlock_bottom.png objects/wood/more_rough_wood_6.jpg 450 2040 300 300 0 0 0 0 0 0 0 255
cmd puttile objects/scenery/sceneryBlock_top.png objects/scenery/sceneryBlock_bottom.png objects/wood/more_rough_wood_6.jpg -780 3210 300 300 0 0 0 0 0 0 0 255
cmd puttile objects/scenery/sceneryBlock_top.png objects/scenery/sceneryBlock_bottom.png objects/wood/more_rough_wood_6.jpg -1350 1440 300 300 0 0 0 0 0 0 0 255
cmd puttile objects/scenery/sceneryBlock_top.png objects/scenery/sceneryBlock_bottom.png objects/wood/more_rough_wood_6.jpg -660 -2160 300 300 0 0 0 0 0 0 0 255
cmd putprop PROP_BOOST 0 16 -1800 300 300 300
cmd putprop PROP_BOOST 0 16 -1800 600 300 300
cmd putprop PROP_BOOST 0 16 -1800 900 300 300
cmd putprop PROP_BOOST 0 16 -1800 1200 300 300
cmd putprop PROP_BOOST 0 16 3900 1200 300 300
cmd putprop PROP_BOOST 0 16 3300 -300 300 300
cmd putprop PROP_BOOST 0 16 3600 -300 300 300
cmd putprop PROP_BOOST 0 16 3600 -600 300 300
cmd putprop PROP_BOOST 0 16 3600 -900 300 300
cmd putprop PROP_BOOST 0 16 3600 -1200 300 300
cmd putprop PROP_BOOST 0 16 3600 -1500 300 300
cmd putprop PROP_BOOST 0 16 3300 -1500 300 300
cmd putprop PROP_BOOST 0 16 3300 -1200 300 300
cmd putprop PROP_BOOST 0 16 3300 -900 300 300
cmd putprop PROP_BOOST 0 16 3300 -600 300 300
cmd putprop PROP_BOOST 0 16 -2400 4800 300 300
cmd putprop PROP_BOOST 0 16 -2400 4500 300 300
cmd putprop PROP_TELEPORTER 1 0 780 -6000 300 300
cmd putprop PROP_TELEPORTER 1 0 900 3000 600 600
cmd putprop PROP_SPAWNPOINT 0 0 -900 -360 300 300
cmd putprop PROP_SPAWNPOINT 0 0 -1170 -990 300 300
cmd putprop PROP_SPAWNPOINT 0 0 360 3180 300 300
cmd putprop PROP_SPAWNPOINT 0 0 -2610 3690 300 300
cmd putprop PROP_SPAWNPOINT 0 0 -1380 1230 300 300
cmd putprop PROP_SPAWNPOINT 0 0 2280 660 300 300
cmd putprop PROP_SPAWNPOINT 0 0 480 1860 300 300
cmd putprop PROP_SPAWNPOINT 0 0 3510 90 300 300
cmd putprop PROP_SPAWNPOINT 0 0 1110 -1050 300 300
cmd putprop PROP_SPAWNPOINT 0 0 -60 -1440 300 300
cmd putprop PROP_SPAWNPOINT 0 0 600 -2340 300 300
cmd putprop PROP_BOOST 0 16 3900 900 300 300
cmd putflare -300 -1200 1200 600 0 25 25 25 0 0 0 155 0
cmd putflare 300 0 1800 600 0 0 0 0 0 0 0 150 0
cmd putflare 900 3000 600 600 100 0 100 150 0 0 0 200 0
cmd putflare -300 1800 1800 600 0 0 0 25 0 0 0 170 0
cmd putflare -600 0 300 1200 0 0 0 225 0 0 0 180 0
cmd putflare 3300 -1200 600 1200 0 0 0 220 0 0 0 180 0
cmd putflare 630 2700 1200 1200 100 0 100 100 0 0 0 0 0
cmd putflare 330 2400 1800 1800 150 0 150 100 0 0 0 0 0
cmd putflare 0 3000 1500 600 100 0 100 100 0 0 0 0 0
cmd putflare 1890 -6750 3600 3600 150 150 150 100 0 0 0 0 0
cmd putflare -2100 600 1200 600 0 0 0 0 0 0 0 170 0
cmd putflare 3300 0 1200 600 0 0 0 0 0 0 0 105 0
cmd putflare 0 -5190 1800 1800 150 150 0 150 0 0 0 0 0
cmd putflare 1110 -3960 1800 1800 150 150 0 150 0 0 0 0 0
cmd putflare -540 -4170 1800 1800 150 150 0 150 0 0 0 0 0
cmd putflare -2700 3000 1800 1200 0 0 0 0 0 0 0 200 0
cmd putflare -3600 1800 3600 3600 255 255 255 50 0 0 0 0 0
cmd putflare -780 -8400 7200 7200 0 0 0 0 0 0 0 100 0
cmd putflare -3380 -6600 2600 5400 0 0 0 100 0 0 0 100 0
cmd putflare -2100 -2180 6000 400 50 50 50 100 0 0 0 100 0
cmd putflare 0 -6540 1800 1800 150 0 150 150 0 0 0 0 0
