cv_mapview 0
cv_gamemode 5
cv_botbehavior goto_scorepoint
puttile objects/scenery/sceneryBlock_top.png objects/scenery/sceneryBlock_bottom.png misc/water.png -4500 -2040 7500 6400 0 0 6400 0 0 0 0 200 0
puttile objects/scenery/sceneryBlock5_top.png objects/scenery/sceneryBlock5_bottom.png objects/wood/more_rough_wood_6.jpg -1800 870 600 600 0 0 600 0 0 100 0 255 0
puttile objects/scenery/sceneryBlock5_top.png objects/scenery/sceneryBlock5_bottom.png objects/wood/more_rough_wood_6.jpg -1200 870 600 600 0 0 600 100 150 100 0 255 0
puttile objects/scenery/sceneryBlock5_top.png objects/scenery/sceneryBlock5_bottom.png objects/wood/more_rough_wood_6.jpg -2400 270 600 600 0 0 600 0 0 0 0 255 0
puttile objects/scenery/sceneryBlock5_top.png objects/scenery/sceneryBlock5_bottom.png objects/wood/more_rough_wood_6.jpg -1800 270 600 600 0 0 600 0 0 0 0 255 0
puttile objects/scenery/sceneryBlock5_top.png objects/scenery/sceneryBlock5_bottom.png objects/wood/more_rough_wood_6.jpg -1200 270 600 600 0 0 600 0 0 0 0 255 0
puttile objects/scenery/sceneryBlock5_top.png objects/scenery/sceneryBlock5_bottom.png objects/wood/more_rough_wood_6.jpg -600 270 600 600 0 0 600 0 0 0 100 255 0
puttile objects/scenery/sceneryBlock5_top.png objects/scenery/sceneryBlock5_bottom.png objects/wood/more_rough_wood_6.jpg -600 870 600 600 0 0 600 100 150 0 100 255 0
puttile objects/scenery/sceneryBlock5_top.png objects/scenery/sceneryBlock5_bottom.png objects/wood/more_rough_wood_6.jpg -3600 270 600 600 0 0 600 0 0 100 0 255 0
puttile objects/scenery/sceneryBlock5_top.png objects/scenery/sceneryBlock5_bottom.png objects/wood/more_rough_wood_6.jpg -3600 870 600 600 0 0 600 0 0 100 100 255 0
puttile objects/scenery/sceneryBlock5_top.png objects/scenery/sceneryBlock5_bottom.png objects/wood/more_rough_wood_6.jpg -3600 1470 600 900 0 0 900 100 150 100 0 255 0
puttile objects/scenery/sceneryBlock5_top.png objects/scenery/sceneryBlock5_bottom.png objects/wood/more_rough_wood_6.jpg -3000 1470 600 750 100 150 750 0 0 0 100 255 0
puttile objects/scenery/sceneryBlock5_top.png objects/scenery/sceneryBlock5_bottom.png objects/wood/more_rough_wood_6.jpg -3000 2220 600 450 0 0 550 0 0 100 100 255 0
puttile objects/scenery/sceneryBlock5_top.png objects/scenery/sceneryBlock5_bottom.png objects/wood/more_rough_wood_6.jpg -2400 -330 600 600 100 150 600 0 0 100 0 255 0
puttile objects/scenery/sceneryBlock5_top.png objects/scenery/sceneryBlock5_bottom.png objects/wood/more_rough_wood_6.jpg -1800 -330 600 600 0 0 600 0 0 100 0 255 0
puttile objects/scenery/sceneryBlock5_top.png objects/scenery/sceneryBlock5_bottom.png objects/wood/more_rough_wood_6.jpg -1200 -330 600 600 100 150 600 0 0 100 0 255 0
puttile objects/scenery/sceneryBlock5_top.png objects/scenery/sceneryBlock5_bottom.png objects/wood/more_rough_wood_6.jpg -600 -330 600 600 0 0 600 0 0 0 0 255 0
puttile objects/scenery/sceneryBlock5_top.png objects/scenery/sceneryBlock5_bottom.png objects/wood/more_rough_wood_6.jpg 270 570 1800 1800 0 0 1800 0 0 0 100 255 0
puttile objects/scenery/sceneryBlock5_top.png objects/scenery/sceneryBlock5_bottom.png objects/wood/more_rough_wood_6.jpg 270 -330 1800 900 0 0 900 0 0 0 100 255 0
puttile objects/scenery/sceneryBlock5_top.png objects/scenery/sceneryBlock5_bottom.png objects/wood/more_rough_wood_6.jpg 270 -1230 1800 900 100 150 900 0 0 0 100 255 0
puttile objects/scenery/sceneryBlock5_top.png objects/scenery/sceneryBlock5_bottom.png objects/wood/more_rough_wood_6.jpg -3330 -1230 1800 900 100 150 900 0 0 100 0 255 0
puttile objects/scenery/sceneryBlock5_top.png objects/scenery/sceneryBlock5_bottom.png objects/wood/more_rough_wood_6.jpg -3600 -330 1200 600 0 0 600 0 0 100 0 255 0
puttile objects/scenery/sceneryBlock5_top.png objects/scenery/sceneryBlock5_bottom.png objects/wood/more_rough_wood_6.jpg -3100 1270 100 450 300 150 0 0 0 0 0 255 0
puttile objects/scenery/sceneryBlock5_top.png objects/scenery/sceneryBlock5_bottom.png objects/wood/more_rough_wood_6.jpg -1800 270 100 150 0 150 0 0 0 0 0 255 0
puttile objects/scenery/sceneryBlock5_top.png objects/scenery/sceneryBlock5_bottom.png objects/wood/more_rough_wood_6.jpg -1200 270 100 150 0 150 0 0 0 0 0 255 0
puttile objects/scenery/sceneryBlock5_top.png objects/scenery/sceneryBlock5_bottom.png objects/wood/more_rough_wood_6.jpg -3330 -330 100 150 0 150 0 0 0 0 0 255 0
puttile objects/scenery/sceneryBlock5_top.png objects/scenery/sceneryBlock5_bottom.png objects/wood/more_rough_wood_6.jpg -3000 2670 100 150 0 150 0 0 0 0 0 255 0
puttile objects/scenery/sceneryBlock5_top.png objects/scenery/sceneryBlock5_bottom.png objects/wood/more_rough_wood_6.jpg -2500 2670 100 150 0 150 0 0 0 0 0 255 0
puttile objects/scenery/sceneryBlock5_top.png objects/scenery/sceneryBlock5_bottom.png objects/wood/more_rough_wood_6.jpg -3600 -430 270 250 100 150 0 0 0 0 0 255 0
puttile objects/scenery/sceneryBlock5_top.png objects/scenery/sceneryBlock5_bottom.png objects/wood/more_rough_wood_6.jpg 0 -330 270 250 100 150 0 0 0 0 0 255 0
puttile objects/scenery/sceneryBlock5_top.png objects/scenery/sceneryBlock5_bottom.png objects/wood/more_rough_wood_6.jpg -1800 1470 600 600 0 0 600 100 150 100 0 255 0
puttile objects/scenery/sceneryBlock5_top.png objects/scenery/sceneryBlock5_bottom.png objects/wood/more_rough_wood_6.jpg 265 1770 100 600 600 0 0 0 0 0 0 255 0
puttile objects/scenery/sceneryBlock5_top.png objects/scenery/sceneryBlock5_bottom.png objects/wood/more_rough_wood_6.jpg 265 2370 100 150 0 150 0 0 0 0 0 255 0
puttile objects/scenery/sceneryBlock5_top.png objects/scenery/sceneryBlock5_bottom.png objects/wood/more_rough_wood_6.jpg -1530 -1230 1800 900 100 150 900 0 0 0 0 255 0
puttile objects/scenery/sceneryBlock5_top.png objects/scenery/sceneryBlock5_bottom.png objects/wood/more_rough_wood_6.jpg -1820 -1135 600 350 200 150 0 0 0 0 0 255 0
puttile objects/scenery/sceneryBlock5_top.png objects/scenery/sceneryBlock5_bottom.png objects/wood/more_rough_wood_6.jpg -25 -1135 600 350 200 150 0 0 0 0 0 255 0
puttile objects/scenery/sceneryBlock5_top.png objects/scenery/sceneryBlock5_bottom.png objects/wood/more_rough_wood_6.jpg 580 -20 400 400 100 150 0 0 0 100 0 255 0
puttile objects/scenery/sceneryBlock5_top.png objects/scenery/sceneryBlock5_bottom.png objects/wood/more_rough_wood_6.jpg 880 1990 400 400 0 0 0 100 150 0 100 255 0
puttile objects/scenery/sceneryBlock5_top.png objects/scenery/sceneryBlock5_bottom.png objects/wood/more_rough_wood_6.jpg 1360 460 400 400 0 0 0 100 150 0 100 255 0
puttile objects/scenery/sceneryBlock5_top.png objects/scenery/sceneryBlock5_bottom.png objects/wood/more_rough_wood_6.jpg 580 380 100 150 0 150 0 0 0 0 0 255 0
puttile objects/scenery/sceneryBlock5_top.png objects/scenery/sceneryBlock5_bottom.png objects/wood/more_rough_wood_6.jpg -600 1470 870 600 0 0 0 100 150 0 0 255 0
puttile objects/scenery/sceneryBlock5_top.png objects/scenery/sceneryBlock5_bottom.png objects/wood/more_rough_wood_6.jpg -2400 70 100 450 300 150 0 0 0 0 0 255 0
puttile objects/scenery/sceneryBlock5_top.png objects/scenery/sceneryBlock5_bottom.png objects/wood/more_rough_wood_6.jpg -3000 270 600 800 100 150 800 0 0 0 0 255 0
puttile objects/scenery/sceneryBlock5_top.png objects/scenery/sceneryBlock5_bottom.png objects/wood/more_rough_wood_6.jpg -2400 870 600 800 0 0 800 100 150 100 0 255 0
puttile objects/scenery/sceneryBlock5_top.png objects/scenery/sceneryBlock5_bottom.png objects/wood/more_rough_wood_6.jpg -1805 2220 1800 1250 0 0 1050 100 150 0 0 255 0
puttile objects/scenery/sceneryBlock5_top.png objects/scenery/sceneryBlock5_bottom.png objects/wood/more_rough_wood_6.jpg -1900 1820 100 950 950 0 0 0 0 0 0 255 0
puttile objects/scenery/sceneryBlock5_top.png objects/scenery/sceneryBlock5_bottom.png objects/wood/more_rough_wood_6.jpg -1200 1470 600 750 0 0 750 0 0 0 0 255 0
puttile objects/scenery/sceneryBlock5_top.png objects/scenery/sceneryBlock5_bottom.png objects/wood/more_rough_wood_6.jpg -1800 1920 600 600 450 150 0 0 0 0 0 255 0
puttile objects/scenery/sceneryBlock5_top.png objects/scenery/sceneryBlock5_bottom.png objects/wood/more_rough_wood_6.jpg -335 1920 600 600 400 150 0 0 0 0 0 255 0
puttile objects/scenery/sceneryBlock5_top.png objects/scenery/sceneryBlock5_bottom.png objects/wood/more_rough_wood_6.jpg -5 2370 1800 1100 0 0 900 100 150 0 100 255 0
puttile objects/scenery/sceneryBlock5_top.png objects/scenery/sceneryBlock5_bottom.png objects/wood/more_rough_wood_6.jpg 1695 2270 275 100 100 0 0 0 0 0 0 255 0
puttile objects/scenery/sceneryBlock5_top.png objects/scenery/sceneryBlock5_bottom.png objects/wood/more_rough_wood_6.jpg -1800 770 100 100 100 0 0 0 0 0 0 255 0
puttile objects/scenery/sceneryBlock5_top.png objects/scenery/sceneryBlock5_bottom.png objects/wood/more_rough_wood_6.jpg -1200 770 100 100 100 0 0 0 0 0 0 255 0
puttile objects/scenery/sceneryBlock5_top.png objects/scenery/sceneryBlock5_bottom.png objects/wood/more_rough_wood_6.jpg 1180 1885 100 100 100 0 0 0 0 0 0 255 0
puttile objects/scenery/sceneryBlock5_top.png objects/scenery/sceneryBlock5_bottom.png objects/wood/more_rough_wood_6.jpg 1660 360 100 100 100 0 0 0 0 0 0 255 0
puttile objects/scenery/sceneryBlock5_top.png objects/scenery/sceneryBlock5_bottom.png objects/wood/more_rough_wood_6.jpg -100 -330 100 600 600 0 0 0 0 0 0 255 0
puttile objects/scenery/sceneryBlock5_top.png objects/scenery/sceneryBlock5_bottom.png objects/wood/more_rough_wood_6.jpg 270 -330 100 900 900 0 0 0 0 0 0 255 0
puttile objects/scenery/sceneryBlock5_top.png objects/scenery/sceneryBlock5_bottom.png objects/wood/more_rough_wood_6.jpg -3600 2670 600 800 100 150 800 100 150 100 0 255 0
puttile objects/scenery/sceneryBlock5_top.png objects/scenery/sceneryBlock5_bottom.png objects/wood/more_rough_wood_6.jpg -3000 2670 600 800 0 0 600 100 150 0 0 255 0
puttile objects/scenery/sceneryBlock5_top.png objects/scenery/sceneryBlock5_bottom.png objects/wood/more_rough_wood_6.jpg -2400 2670 600 800 100 150 600 100 150 0 0 255 0
puttile objects/scenery/sceneryBlock5_top.png objects/scenery/sceneryBlock5_bottom.png objects/wood/more_rough_wood_6.jpg -1300 2370 100 550 0 0 0 100 150 0 100 255 0
puttile objects/scenery/sceneryBlock5_top.png objects/scenery/sceneryBlock5_bottom.png objects/wood/more_rough_wood_6.jpg -335 2320 300 600 0 0 0 100 150 0 100 255 0
puttile objects/scenery/sceneryBlock5_top.png objects/scenery/sceneryBlock5_bottom.png objects/wood/more_rough_wood_6.jpg -35 2320 300 600 0 0 0 100 150 100 0 255 0
puttile objects/scenery/sceneryBlock5_top.png objects/scenery/sceneryBlock5_bottom.png objects/wood/more_rough_wood_6.jpg -830 320 500 500 350 150 0 0 0 0 0 255 0
puttile objects/scenery/sceneryBlock5_top.png objects/scenery/sceneryBlock5_bottom.png objects/wood/more_rough_wood_6.jpg 0 495 370 900 750 150 0 0 0 0 0 255 0
puttile objects/scenery/sceneryBlock5_top.png objects/scenery/sceneryBlock5_bottom.png objects/wood/more_rough_wood_6.jpg 1795 2370 275 150 0 150 0 0 0 0 0 255 0
puttile objects/scenery/sceneryBlock_top.png objects/scenery/sceneryBlock_bottom.png objects/wood/more_rough_wood_6.jpg 600 -960 150 150 0 0 150 0 0 0 0 255 0
puttile objects/scenery/sceneryBlock_top.png objects/scenery/sceneryBlock_bottom.png objects/wood/more_rough_wood_6.jpg 990 1950 150 150 0 0 150 0 0 0 0 255 0
puttile objects/scenery/sceneryBlock_top.png objects/scenery/sceneryBlock_bottom.png objects/wood/more_rough_wood_6.jpg -600 1380 870 840 0 0 840 0 0 0 0 255 0
puttile objects/scenery/sceneryBlock_top.png objects/scenery/sceneryBlock_bottom.png misc/water.png -4500 -8430 7500 6400 0 0 6400 0 0 0 0 200 0
puttile objects/scenery/sceneryBlock_top.png objects/scenery/sceneryBlock_bottom.png misc/water.png 3000 -8430 7500 6400 0 0 6400 0 0 0 0 200 0
puttile objects/scenery/sceneryBlock_top.png objects/scenery/sceneryBlock_bottom.png misc/water.png 3000 -2040 7500 6400 0 0 6400 0 0 0 0 200 0
puttile objects/scenery/sceneryBlock_top.png objects/scenery/sceneryBlock_bottom.png misc/water.png 3000 4350 7500 6400 0 0 6400 0 0 0 0 200 0
puttile objects/scenery/sceneryBlock_top.png objects/scenery/sceneryBlock_bottom.png misc/water.png -4500 4350 7500 6400 0 0 6400 0 0 0 0 200 0
puttile objects/scenery/sceneryBlock_top.png objects/scenery/sceneryBlock_bottom.png misc/water.png -12000 4350 7500 6400 0 0 6400 0 0 0 0 200 0
puttile objects/scenery/sceneryBlock_top.png objects/scenery/sceneryBlock_bottom.png misc/water.png -12000 -2040 7500 6400 0 0 6400 0 0 0 0 200 0
puttile objects/scenery/sceneryBlock_top.png objects/scenery/sceneryBlock_bottom.png misc/water.png -12000 -8430 7500 6400 0 0 6400 0 0 0 0 200 0
puttile objects/scenery/sceneryBlock5_top.png objects/scenery/sceneryBlock5_bottom.png objects/wood/more_rough_wood_6.jpg -3090 750 700 600 450 150 0 0 0 0 0 255 0
puttile objects/scenery/sceneryBlock_top.png objects/scenery/sceneryBlock_bottom.png objects/wood/more_rough_wood_6.jpg -1140 2100 300 300 0 0 300 0 0 0 0 255 1
puttile objects/scenery/sceneryBlock_top.png objects/scenery/sceneryBlock_bottom.png objects/wood/more_rough_wood_6.jpg -720 2100 300 300 0 0 300 0 0 0 0 255 1
puttile objects/scenery/sceneryBlock_top.png objects/scenery/sceneryBlock_bottom.png objects/wood/more_rough_wood_6.jpg -1140 2400 300 300 0 0 300 0 0 0 0 255 1
puttile objects/scenery/sceneryBlock_top.png objects/scenery/sceneryBlock_bottom.png objects/wood/more_rough_wood_6.jpg -1140 2700 300 300 0 0 300 0 0 0 0 255 1
puttile objects/scenery/sceneryBlock_top.png objects/scenery/sceneryBlock_bottom.png objects/wood/more_rough_wood_6.jpg -720 2400 300 300 0 0 300 0 0 0 0 255 1
puttile objects/scenery/sceneryBlock_top.png objects/scenery/sceneryBlock_bottom.png objects/wood/more_rough_wood_6.jpg -720 2700 300 300 0 0 300 0 0 0 0 255 1
puttile objects/scenery/sceneryBlock_top.png objects/scenery/sceneryBlock_bottom.png objects/wood/more_rough_wood_6.jpg -2850 1770 300 300 0 0 300 0 0 0 0 255 1
puttile objects/scenery/sceneryBlock_top.png objects/scenery/sceneryBlock_bottom.png objects/wood/more_rough_wood_6.jpg -3450 1560 300 300 0 0 300 0 0 0 0 255 1
puttile objects/scenery/sceneryBlock_top.png objects/scenery/sceneryBlock_bottom.png objects/wood/more_rough_wood_6.jpg -2820 -60 300 300 0 0 300 0 0 0 0 255 1
puttile objects/scenery/sceneryBlock_top.png objects/scenery/sceneryBlock_bottom.png objects/wood/more_rough_wood_6.jpg -720 0 300 300 0 0 300 0 0 0 0 255 1
puttile objects/scenery/sceneryBlock_top.png objects/scenery/sceneryBlock_bottom.png objects/wood/more_rough_wood_6.jpg 570 990 300 300 0 0 300 0 0 0 0 255 1
puttile objects/scenery/sceneryBlock_top.png objects/scenery/sceneryBlock_bottom.png objects/wood/more_rough_wood_6.jpg 570 1410 300 300 0 0 300 0 0 0 0 255 1
puttile objects/scenery/sceneryBlock_top.png objects/scenery/sceneryBlock_bottom.png objects/wood/more_rough_wood_6.jpg 1110 1410 300 300 0 0 300 0 0 0 0 255 1
puttile objects/scenery/sceneryBlock_top.png objects/scenery/sceneryBlock_bottom.png objects/wood/more_rough_wood_6.jpg 1590 1410 300 300 0 0 300 0 0 0 0 255 1
puttile objects/scenery/sceneryBlock_top.png objects/scenery/sceneryBlock_bottom.png objects/wood/more_rough_wood_6.jpg 1590 930 300 300 0 0 300 0 0 0 0 255 1
puttile objects/scenery/sceneryBlock_top.png objects/scenery/sceneryBlock_bottom.png objects/wood/more_rough_wood_6.jpg 1110 990 300 300 0 0 300 0 0 0 0 255 1
puttile objects/scenery/sceneryBlock_top.png objects/scenery/sceneryBlock_bottom.png objects/wood/more_rough_wood_6.jpg 1320 2850 300 300 0 0 300 0 0 0 0 255 1
puttile objects/scenery/sceneryBlock_top.png objects/scenery/sceneryBlock_bottom.png objects/wood/more_rough_wood_6.jpg -180 2880 300 300 0 0 300 0 0 0 0 255 1
puttile objects/scenery/sceneryBlock_top.png objects/scenery/sceneryBlock_bottom.png objects/wood/more_rough_wood_6.jpg 0 -690 300 300 0 0 300 0 0 0 0 255 1
puttile objects/scenery/sceneryBlock_top.png objects/scenery/sceneryBlock_bottom.png objects/wood/more_rough_wood_6.jpg -1680 -660 300 300 0 0 300 0 0 0 0 255 1
puttile objects/scenery/sceneryBlock_top.png objects/scenery/sceneryBlock_bottom.png objects/wood/more_rough_wood_6.jpg -2160 -930 300 300 0 0 300 0 0 0 0 255 1
puttile objects/scenery/sceneryBlock5_top.png objects/scenery/sceneryBlock5_bottom.png objects/wood/more_rough_wood_6.jpg -3000 2120 100 100 100 0 0 0 0 0 0 255 0
puttile objects/scenery/sceneryBlock5_top.png objects/scenery/sceneryBlock5_bottom.png objects/wood/more_rough_wood_6.jpg 1680 -1140 300 300 0 0 0 0 0 0 -1 255 0
puttile objects/scenery/sceneryBlock5_top.png objects/scenery/sceneryBlock5_bottom.png objects/wood/more_rough_wood_6.jpg -2020 -1135 200 200 0 0 0 0 0 0 -1 255 0
puttile objects/scenery/sceneryBlock5_top.png objects/scenery/sceneryBlock5_bottom.png objects/wood/more_rough_wood_6.jpg -225 -1135 200 200 0 0 0 0 0 0 -1 255 0
puttile objects/scenery/sceneryBlock5_top.png objects/scenery/sceneryBlock5_bottom.png objects/wood/more_rough_wood_6.jpg -2000 -230 200 200 0 0 0 0 0 0 -1 255 0
puttile objects/scenery/sceneryBlock5_top.png objects/scenery/sceneryBlock5_bottom.png objects/wood/more_rough_wood_6.jpg -535 1920 200 200 0 0 0 0 0 0 -1 255 0
puttile objects/scenery/sceneryBlock5_top.png objects/scenery/sceneryBlock5_bottom.png objects/wood/more_rough_wood_6.jpg -2700 1570 200 200 0 0 0 0 0 0 -1 255 0
puttile objects/scenery/sceneryBlock5_top.png objects/scenery/sceneryBlock5_bottom.png objects/wood/more_rough_wood_6.jpg -1500 2370 200 200 0 0 0 0 0 0 -1 255 0
puttile objects/scenery/sceneryBlock5_top.png objects/scenery/sceneryBlock5_bottom.png objects/wood/more_rough_wood_6.jpg -335 2320 200 200 0 0 0 0 0 0 -1 255 0
puttile objects/scenery/sceneryBlock5_top.png objects/scenery/sceneryBlock5_bottom.png objects/wood/more_rough_wood_6.jpg 65 2320 200 200 0 0 0 0 0 0 -4 255 0
puttile objects/scenery/sceneryBlock5_top.png objects/scenery/sceneryBlock5_bottom.png objects/wood/more_rough_wood_6.jpg 680 80 200 200 0 0 0 0 0 0 -4 255 0
puttile objects/scenery/sceneryBlock5_top.png objects/scenery/sceneryBlock5_bottom.png objects/wood/more_rough_wood_6.jpg 575 -1135 200 200 0 0 0 0 0 0 -4 255 0
puttile objects/scenery/sceneryBlock5_top.png objects/scenery/sceneryBlock5_bottom.png objects/wood/more_rough_wood_6.jpg -1220 -1135 200 200 0 0 0 0 0 0 -4 255 0
puttile objects/scenery/sceneryBlock5_top.png objects/scenery/sceneryBlock5_bottom.png objects/wood/more_rough_wood_6.jpg -3230 -1130 200 200 0 0 0 0 0 0 -4 255 0
puttile objects/scenery/sceneryBlock5_top.png objects/scenery/sceneryBlock5_bottom.png objects/wood/more_rough_wood_6.jpg -3500 -330 200 200 0 0 0 0 0 0 -4 255 0
puttile objects/scenery/sceneryBlock5_top.png objects/scenery/sceneryBlock5_bottom.png objects/wood/more_rough_wood_6.jpg -2300 -230 200 200 0 0 0 0 0 0 -4 255 0
puttile objects/scenery/sceneryBlock5_top.png objects/scenery/sceneryBlock5_bottom.png objects/wood/more_rough_wood_6.jpg -1100 -230 200 200 0 0 0 0 0 0 -4 255 0
puttile objects/scenery/sceneryBlock5_top.png objects/scenery/sceneryBlock5_bottom.png objects/wood/more_rough_wood_6.jpg -300 1020 200 200 0 0 0 0 0 0 -2 255 0
puttile objects/scenery/sceneryBlock5_top.png objects/scenery/sceneryBlock5_bottom.png objects/wood/more_rough_wood_6.jpg -2000 1220 200 200 0 0 0 0 0 0 -2 255 0
puttile objects/scenery/sceneryBlock5_top.png objects/scenery/sceneryBlock5_bottom.png objects/wood/more_rough_wood_6.jpg 1495 3020 200 200 0 0 0 0 0 0 -2 255 0
puttile objects/scenery/sceneryBlock5_top.png objects/scenery/sceneryBlock5_bottom.png objects/wood/more_rough_wood_6.jpg -2600 70 200 200 0 0 0 0 0 0 -2 255 0
puttile objects/scenery/sceneryBlock5_top.png objects/scenery/sceneryBlock5_bottom.png objects/wood/more_rough_wood_6.jpg 1775 2075 200 200 0 0 0 0 0 0 -2 255 0
puttile objects/scenery/sceneryBlock5_top.png objects/scenery/sceneryBlock5_bottom.png objects/wood/more_rough_wood_6.jpg 1460 410 200 200 0 0 0 0 0 0 -2 255 0
puttile objects/scenery/sceneryBlock5_top.png objects/scenery/sceneryBlock5_bottom.png objects/wood/more_rough_wood_6.jpg -3505 2770 200 200 0 0 0 0 0 0 -4 255 0
puttile objects/scenery/sceneryBlock5_top.png objects/scenery/sceneryBlock5_bottom.png objects/wood/more_rough_wood_6.jpg -1800 2370 200 200 0 0 0 0 0 0 -4 255 0
puttile objects/scenery/sceneryBlock5_top.png objects/scenery/sceneryBlock5_bottom.png objects/wood/more_rough_wood_6.jpg -3500 1820 300 300 0 0 0 0 0 0 -3 255 0
puttile objects/scenery/sceneryBlock5_top.png objects/scenery/sceneryBlock5_bottom.png objects/wood/more_rough_wood_6.jpg -3500 3025 200 200 0 0 0 0 0 0 -3 255 0
puttile objects/scenery/sceneryBlock5_top.png objects/scenery/sceneryBlock5_bottom.png objects/wood/more_rough_wood_6.jpg -1100 1025 200 200 0 0 0 0 0 0 -3 255 0
puttile objects/scenery/sceneryBlock5_top.png objects/scenery/sceneryBlock5_bottom.png objects/wood/more_rough_wood_6.jpg 980 1940 200 200 0 0 0 0 0 0 -2 255 0
puttile objects/scenery/sceneryBlock5_top.png objects/scenery/sceneryBlock5_bottom.png objects/wood/more_rough_wood_6.jpg -2300 1220 200 200 0 0 0 0 0 0 -3 255 0
puttile objects/scenery/sceneryBlock5_top.png objects/scenery/sceneryBlock5_bottom.png objects/wood/more_rough_wood_6.jpg -1700 1620 200 200 0 0 0 0 0 0 -3 255 0
puttile objects/scenery/sceneryBlock5_top.png objects/scenery/sceneryBlock5_bottom.png objects/wood/more_rough_wood_6.jpg -3000 2670 100 100 0 0 0 0 0 0 -4 255 0
puttile objects/scenery/sceneryBlock5_top.png objects/scenery/sceneryBlock5_bottom.png objects/wood/more_rough_wood_6.jpg -2500 2670 100 100 0 0 0 0 0 0 -1 255 0
puttile objects/scenery/sceneryBlock5_top.png objects/scenery/sceneryBlock5_bottom.png objects/wood/more_rough_wood_6.jpg -5 1230 100 100 0 0 0 0 0 0 -4 255 0
putprop PROP_SCOREPOINT 0 0 930 2580 300 300
putprop PROP_SCOREPOINT 0 0 990 -540 300 300
putprop PROP_SCOREPOINT 0 0 -1620 420 300 300
putprop PROP_SCOREPOINT 0 0 -3090 -930 300 300
putprop PROP_SCOREPOINT 0 0 -2850 2850 300 300
putprop PROP_POWERUP 0 0 -3390 2910 300 300
putprop PROP_POWERUP 0 0 -3480 -150 300 300
putprop PROP_POWERUP 0 0 -2190 30 300 300
putprop PROP_POWERUP 0 0 -1620 30 300 300
putprop PROP_POWERUP 0 0 -2220 960 300 300
putprop PROP_POWERUP 0 0 -720 900 300 300
putprop PROP_POWERUP 0 0 690 270 300 300
putprop PROP_POWERUP 0 0 1320 270 300 300
putprop PROP_POWERUP 0 0 870 1830 300 300
putprop PROP_POWERUP 0 0 -780 -1050 300 300
putprop PROP_POWERUP 0 0 1620 -1050 300 300
putprop PROP_SPAWNPOINT 0 0 -2820 -150 300 300
putprop PROP_SPAWNPOINT 0 0 -3300 1740 300 300
putprop PROP_SPAWNPOINT 0 0 -1710 2610 300 300
putprop PROP_SPAWNPOINT 0 0 -1560 1440 300 300
putprop PROP_SPAWNPOINT 0 0 -690 2280 300 300
putprop PROP_SPAWNPOINT 0 0 1560 1860 300 300
putprop PROP_SPAWNPOINT 0 0 1320 2850 300 300
putprop PROP_SPAWNPOINT 0 0 330 2520 300 300
putprop PROP_SPAWNPOINT 0 0 90 1410 300 300
putprop PROP_SPAWNPOINT 0 0 1620 900 300 300
putprop PROP_SPAWNPOINT 0 0 -1080 -720 300 300
putprop PROP_SPAWNPOINT 0 0 -930 -30 300 300
putprop PROP_SPAWNPOINT 0 0 -150 2940 300 300
